Archive member included to satisfy reference by file (symbol)

/opt/arm-gcc/bin/../lib/gcc/arm-none-eabi/10.3.1/../../../../arm-none-eabi/lib/thumb/v7e-m+fp/hard/libc_nano.a(lib_a-ctype_.o)
                              _build/nrf52840_xxaa/nrf_log_str_formatter.c.o (_ctype_)
/opt/arm-gcc/bin/../lib/gcc/arm-none-eabi/10.3.1/../../../../arm-none-eabi/lib/thumb/v7e-m+fp/hard/libc_nano.a(lib_a-exit.o)
                              /opt/arm-gcc/bin/../lib/gcc/arm-none-eabi/10.3.1/../../../../arm-none-eabi/lib/thumb/v7e-m+fp/hard/crt0.o (exit)
/opt/arm-gcc/bin/../lib/gcc/arm-none-eabi/10.3.1/../../../../arm-none-eabi/lib/thumb/v7e-m+fp/hard/libc_nano.a(lib_a-impure.o)
                              /opt/arm-gcc/bin/../lib/gcc/arm-none-eabi/10.3.1/../../../../arm-none-eabi/lib/thumb/v7e-m+fp/hard/libc_nano.a(lib_a-exit.o) (_global_impure_ptr)
/opt/arm-gcc/bin/../lib/gcc/arm-none-eabi/10.3.1/../../../../arm-none-eabi/lib/thumb/v7e-m+fp/hard/libc_nano.a(lib_a-init.o)
                              /opt/arm-gcc/bin/../lib/gcc/arm-none-eabi/10.3.1/../../../../arm-none-eabi/lib/thumb/v7e-m+fp/hard/crt0.o (__libc_init_array)
/opt/arm-gcc/bin/../lib/gcc/arm-none-eabi/10.3.1/../../../../arm-none-eabi/lib/thumb/v7e-m+fp/hard/libc_nano.a(lib_a-memcmp.o)
                              _build/nrf52840_xxaa/ble_advdata.c.o (memcmp)
/opt/arm-gcc/bin/../lib/gcc/arm-none-eabi/10.3.1/../../../../arm-none-eabi/lib/thumb/v7e-m+fp/hard/libc_nano.a(lib_a-memcpy-stub.o)
                              _build/nrf52840_xxaa/nrf_log_frontend.c.o (memcpy)
/opt/arm-gcc/bin/../lib/gcc/arm-none-eabi/10.3.1/../../../../arm-none-eabi/lib/thumb/v7e-m+fp/hard/libc_nano.a(lib_a-memset.o)
                              /opt/arm-gcc/bin/../lib/gcc/arm-none-eabi/10.3.1/../../../../arm-none-eabi/lib/thumb/v7e-m+fp/hard/crt0.o (memset)
/opt/arm-gcc/bin/../lib/gcc/arm-none-eabi/10.3.1/../../../../arm-none-eabi/lib/thumb/v7e-m+fp/hard/libc_nano.a(lib_a-strcpy.o)
                              _build/nrf52840_xxaa/SEGGER_RTT.c.o (strcpy)
/opt/arm-gcc/bin/../lib/gcc/arm-none-eabi/10.3.1/../../../../arm-none-eabi/lib/thumb/v7e-m+fp/hard/libc_nano.a(lib_a-strlen.o)
                              _build/nrf52840_xxaa/nrf_log_frontend.c.o (strlen)
/opt/arm-gcc/bin/../lib/gcc/arm-none-eabi/10.3.1/../../../../arm-none-eabi/lib/thumb/v7e-m+fp/hard/libnosys.a(_exit.o)
                              /opt/arm-gcc/bin/../lib/gcc/arm-none-eabi/10.3.1/../../../../arm-none-eabi/lib/thumb/v7e-m+fp/hard/libc_nano.a(lib_a-exit.o) (_exit)

Discarded input sections

 .text          0x0000000000000000        0x0 /opt/arm-gcc/bin/../lib/gcc/arm-none-eabi/10.3.1/thumb/v7e-m+fp/hard/crti.o
 .data          0x0000000000000000        0x0 /opt/arm-gcc/bin/../lib/gcc/arm-none-eabi/10.3.1/thumb/v7e-m+fp/hard/crti.o
 .bss           0x0000000000000000        0x0 /opt/arm-gcc/bin/../lib/gcc/arm-none-eabi/10.3.1/thumb/v7e-m+fp/hard/crti.o
 .data          0x0000000000000000        0x4 /opt/arm-gcc/bin/../lib/gcc/arm-none-eabi/10.3.1/thumb/v7e-m+fp/hard/crtbegin.o
 .rodata        0x0000000000000000       0x24 /opt/arm-gcc/bin/../lib/gcc/arm-none-eabi/10.3.1/thumb/v7e-m+fp/hard/crtbegin.o
 .data          0x0000000000000000        0x0 /opt/arm-gcc/bin/../lib/gcc/arm-none-eabi/10.3.1/../../../../arm-none-eabi/lib/thumb/v7e-m+fp/hard/crt0.o
 .bss           0x0000000000000000        0x0 /opt/arm-gcc/bin/../lib/gcc/arm-none-eabi/10.3.1/../../../../arm-none-eabi/lib/thumb/v7e-m+fp/hard/crt0.o
 .ARM.extab     0x0000000000000000        0x0 /opt/arm-gcc/bin/../lib/gcc/arm-none-eabi/10.3.1/../../../../arm-none-eabi/lib/thumb/v7e-m+fp/hard/crt0.o
 .data          0x0000000000000000        0x0 _build/nrf52840_xxaa/gcc_startup_nrf52840.S.o
 .bss           0x0000000000000000        0x0 _build/nrf52840_xxaa/gcc_startup_nrf52840.S.o
 .group         0x0000000000000000        0xc _build/nrf52840_xxaa/nrf_log_backend_rtt.c.o
 .group         0x0000000000000000        0xc _build/nrf52840_xxaa/nrf_log_backend_rtt.c.o
 .group         0x0000000000000000        0xc _build/nrf52840_xxaa/nrf_log_backend_rtt.c.o
 .group         0x0000000000000000        0xc _build/nrf52840_xxaa/nrf_log_backend_rtt.c.o
 .group         0x0000000000000000        0xc _build/nrf52840_xxaa/nrf_log_backend_rtt.c.o
 .group         0x0000000000000000        0xc _build/nrf52840_xxaa/nrf_log_backend_rtt.c.o
 .group         0x0000000000000000        0xc _build/nrf52840_xxaa/nrf_log_backend_rtt.c.o
 .group         0x0000000000000000        0xc _build/nrf52840_xxaa/nrf_log_backend_rtt.c.o
 .group         0x0000000000000000        0xc _build/nrf52840_xxaa/nrf_log_backend_rtt.c.o
 .group         0x0000000000000000        0xc _build/nrf52840_xxaa/nrf_log_backend_rtt.c.o
 .group         0x0000000000000000        0xc _build/nrf52840_xxaa/nrf_log_backend_rtt.c.o
 .group         0x0000000000000000        0xc _build/nrf52840_xxaa/nrf_log_backend_rtt.c.o
 .group         0x0000000000000000        0xc _build/nrf52840_xxaa/nrf_log_backend_rtt.c.o
[...]
Memory Configuration

Name             Origin             Length             Attributes
FLASH            0x0000000000026000 0x00000000000ce000 xr
RAM              0x0000000020002300 0x000000000003dd00 xrw
*default*        0x0000000000000000 0xffffffffffffffff

Linker script and memory map


.text           0x0000000000026000     0x6d5c
 *(.isr_vector)
 .isr_vector    0x0000000000026000      0x200 _build/nrf52840_xxaa/gcc_startup_nrf52840.S.o
                0x0000000000026000                __isr_vector
 *(.text*)
 .text          0x0000000000026200       0x40 /opt/arm-gcc/bin/../lib/gcc/arm-none-eabi/10.3.1/thumb/v7e-m+fp/hard/crtbegin.o
 .text          0x0000000000026240       0x7c /opt/arm-gcc/bin/../lib/gcc/arm-none-eabi/10.3.1/../../../../arm-none-eabi/lib/thumb/v7e-m+fp/hard/crt0.o
                0x0000000000026240                _stack_init
                0x0000000000026248                _mainCRTStartup
                0x0000000000026248                _start
 .text          0x00000000000262bc       0x3c _build/nrf52840_xxaa/gcc_startup_nrf52840.S.o
                0x00000000000262bc                Reset_Handler
                0x00000000000262e4                NMI_Handler
                0x00000000000262e6                HardFault_Handler
                0x00000000000262e8                MemoryManagement_Handler
                0x00000000000262ea                BusFault_Handler
                0x00000000000262ec                UsageFault_Handler
                0x00000000000262ee                SVC_Handler
                0x00000000000262f0                DebugMon_Handler
                0x00000000000262f2                PendSV_Handler
                0x00000000000262f4                SysTick_Handler
                0x00000000000262f6                FPU_IRQHandler
                0x00000000000262f6                USBD_IRQHandler
                0x00000000000262f6                SPIM0_SPIS0_TWIM0_TWIS0_SPI0_TWI0_IRQHandler
                0x00000000000262f6                TIMER4_IRQHandler
                0x00000000000262f6                CRYPTOCELL_IRQHandler
                0x00000000000262f6                I2S_IRQHandler
                0x00000000000262f6                SWI4_EGU4_IRQHandler
                0x00000000000262f6                TIMER0_IRQHandler
                0x00000000000262f6                UARTE1_IRQHandler
                0x00000000000262f6                TIMER1_IRQHandler
                0x00000000000262f6                SPIM3_IRQHandler
                0x00000000000262f6                PWM2_IRQHandler
                0x00000000000262f6                ECB_IRQHandler
                0x00000000000262f6                SPIM1_SPIS1_TWIM1_TWIS1_SPI1_TWI1_IRQHandler
                0x00000000000262f6                Default_Handler
                0x00000000000262f6                SAADC_IRQHandler
                0x00000000000262f6                CCM_AAR_IRQHandler
                0x00000000000262f6                WDT_IRQHandler
                0x00000000000262f6                SWI5_EGU5_IRQHandler
                0x00000000000262f6                RNG_IRQHandler
                0x00000000000262f6                RTC2_IRQHandler
                0x00000000000262f6                PWM0_IRQHandler
                0x00000000000262f6                SWI3_EGU3_IRQHandler
                0x00000000000262f6                SWI1_EGU1_IRQHandler
                0x00000000000262f6                SPIM2_SPIS2_SPI2_IRQHandler
                0x00000000000262f6                NFCT_IRQHandler
                0x00000000000262f6                MWU_IRQHandler
                0x00000000000262f6                QSPI_IRQHandler
                0x00000000000262f6                TIMER2_IRQHandler
                0x00000000000262f6                COMP_LPCOMP_IRQHandler
                0x00000000000262f6                RTC0_IRQHandler
                0x00000000000262f6                SWI0_EGU0_IRQHandler
                0x00000000000262f6                PWM1_IRQHandler
                0x00000000000262f6                RADIO_IRQHandler
                0x00000000000262f6                PDM_IRQHandler
                0x00000000000262f6                TEMP_IRQHandler
                0x00000000000262f6                QDEC_IRQHandler
                0x00000000000262f6                TIMER3_IRQHandler
                0x00000000000262f6                PWM3_IRQHandler
 .text.nrf_log_backend_serial_put
                0x00000000000262f8       0xd8 _build/nrf52840_xxaa/nrf_log_backend_serial.c.o
                0x00000000000262f8                nrf_log_backend_serial_put
 .text.uart_evt_handler
                0x00000000000263d0        0xc _build/nrf52840_xxaa/nrf_log_backend_uart.c.o
 .text.nrf_log_backend_uart_flush
                0x00000000000263dc        0x4 _build/nrf52840_xxaa/nrf_log_backend_uart.c.o
 .text.nrf_log_backend_uart_put
                0x00000000000263e0       0x20 _build/nrf52840_xxaa/nrf_log_backend_uart.c.o
 .text.serial_tx
                0x0000000000026400       0x50 _build/nrf52840_xxaa/nrf_log_backend_uart.c.o
 .text.nrf_log_backend_uart_panic_set
                0x0000000000026450       0x68 _build/nrf52840_xxaa/nrf_log_backend_uart.c.o
 .text.nrf_log_backend_uart_init
                0x00000000000264b8       0x50 _build/nrf52840_xxaa/nrf_log_backend_uart.c.o
                0x00000000000264b8                nrf_log_backend_uart_init
 .text.nrf_log_default_backends_init
                0x0000000000026508       0x20 _build/nrf52840_xxaa/nrf_log_default_backends.c.o
                0x0000000000026508                nrf_log_default_backends_init
 .text.nrf_log_init
                0x0000000000026528       0x28 _build/nrf52840_xxaa/nrf_log_frontend.c.o
                0x0000000000026528                nrf_log_init
 .text.nrf_log_module_name_get
                0x0000000000026550       0x48 _build/nrf52840_xxaa/nrf_log_frontend.c.o
                0x0000000000026550                nrf_log_module_name_get
 .text.nrf_log_color_id_get
                0x0000000000026598       0x2c _build/nrf52840_xxaa/nrf_log_frontend.c.o
                0x0000000000026598                nrf_log_color_id_get
 .text.log_pending_hook
                0x00000000000265c4        0x4 _build/nrf52840_xxaa/nrf_log_frontend.c.o
                0x00000000000265c4                log_pending_hook
 .text.nrf_log_frontend_dequeue
                0x00000000000265c8      0x260 _build/nrf52840_xxaa/nrf_log_frontend.c.o
                0x00000000000265c8                nrf_log_frontend_dequeue
 .text.nrf_log_frontend_std_2
                0x0000000000026828      0x1c8 _build/nrf52840_xxaa/nrf_log_frontend.c.o
                0x0000000000026828                nrf_log_frontend_std_2
 .text.nrf_log_frontend_std_1
                0x00000000000269f0      0x1bc _build/nrf52840_xxaa/nrf_log_frontend.c.o
                0x00000000000269f0                nrf_log_frontend_std_1
 .text.nrf_log_frontend_std_0
                0x0000000000026bac      0x1ac _build/nrf52840_xxaa/nrf_log_frontend.c.o
                0x0000000000026bac                nrf_log_frontend_std_0
 .text.nrf_log_backend_add
                0x0000000000026d58       0x5c _build/nrf52840_xxaa/nrf_log_frontend.c.o
                0x0000000000026d58                nrf_log_backend_add
 .text.nrf_log_panic
                0x0000000000026db4       0x28 _build/nrf52840_xxaa/nrf_log_frontend.c.o
                0x0000000000026db4                nrf_log_panic
 .text.prefix_process
                0x0000000000026ddc       0x84 _build/nrf52840_xxaa/nrf_log_str_formatter.c.o
 .text.nrf_log_std_entry_process
                0x0000000000026e60       0xec _build/nrf52840_xxaa/nrf_log_str_formatter.c.o
                0x0000000000026e60                nrf_log_std_entry_process
 .text.nrf_log_hexdump_entry_process
                0x0000000000026f4c      0x104 _build/nrf52840_xxaa/nrf_log_str_formatter.c.o
                0x0000000000026f4c                nrf_log_hexdump_entry_process
 .text.gpiote_event_handler
                0x0000000000027050       0x74 _build/nrf52840_xxaa/app_button.c.o
 .text.detection_delay_timeout_handler
                0x00000000000270c4      0x288 _build/nrf52840_xxaa/app_button.c.o
 .text.app_button_init
                0x000000000002734c       0xb8 _build/nrf52840_xxaa/app_button.c.o
                0x000000000002734c                app_button_init
 .text.app_button_enable
                0x0000000000027404       0x2c _build/nrf52840_xxaa/app_button.c.o
                0x0000000000027404                app_button_enable
 .text.app_button_disable
                0x0000000000027430       0x5c _build/nrf52840_xxaa/app_button.c.o
                0x0000000000027430                app_button_disable
 .text.app_error_handler_bare
                0x000000000002748c       0x20 _build/nrf52840_xxaa/app_error.c.o
                0x000000000002748c                app_error_handler_bare
 .text.app_error_fault_handler
                0x00000000000274ac       0x6c _build/nrf52840_xxaa/app_error_weak.c.o
                0x00000000000274ac                app_error_fault_handler
 .text.compare_func
                0x0000000000027518       0x1c _build/nrf52840_xxaa/app_timer2.c.o
 .text.timer_expire.part.0
                0x0000000000027534       0x88 _build/nrf52840_xxaa/app_timer2.c.o
 .text.rtc_irq  0x00000000000275bc      0x2e8 _build/nrf52840_xxaa/app_timer2.c.o
 .text.app_timer_init
                0x00000000000278a4       0x6c _build/nrf52840_xxaa/app_timer2.c.o
                0x00000000000278a4                app_timer_init
 .text.app_timer_create
                0x0000000000027910       0x30 _build/nrf52840_xxaa/app_timer2.c.o
                0x0000000000027910                app_timer_create
 .text.app_timer_start
                0x0000000000027940       0xb8 _build/nrf52840_xxaa/app_timer2.c.o
                0x0000000000027940                app_timer_start
 .text.app_timer_stop
                0x00000000000279f8       0x80 _build/nrf52840_xxaa/app_timer2.c.o
                0x00000000000279f8                app_timer_stop
 .text.app_util_critical_region_enter
                0x0000000000027a78       0x4c _build/nrf52840_xxaa/app_util_platform.c.o
                0x0000000000027a78                app_util_critical_region_enter
 .text.app_util_critical_region_exit
                0x0000000000027ac4       0x30 _build/nrf52840_xxaa/app_util_platform.c.o
                0x0000000000027ac4                app_util_critical_region_exit
 .text.drv_rtc_init
                0x0000000000027af4       0xc8 _build/nrf52840_xxaa/drv_rtc.c.o
                0x0000000000027af4                drv_rtc_init
 .text.drv_rtc_start
                0x0000000000027bbc        0x8 _build/nrf52840_xxaa/drv_rtc.c.o
                0x0000000000027bbc                drv_rtc_start
 .text.drv_rtc_stop
                0x0000000000027bc4        0x8 _build/nrf52840_xxaa/drv_rtc.c.o
                0x0000000000027bc4                drv_rtc_stop
 .text.drv_rtc_compare_set
                0x0000000000027bcc       0x54 _build/nrf52840_xxaa/drv_rtc.c.o
                0x0000000000027bcc                drv_rtc_compare_set
 .text.drv_rtc_windowed_compare_set
                0x0000000000027c20       0xf8 _build/nrf52840_xxaa/drv_rtc.c.o
                0x0000000000027c20                drv_rtc_windowed_compare_set
 .text.drv_rtc_overflow_enable
                0x0000000000027d18       0x14 _build/nrf52840_xxaa/drv_rtc.c.o
                0x0000000000027d18                drv_rtc_overflow_enable
 .text.drv_rtc_overflow_pending
                0x0000000000027d2c       0x20 _build/nrf52840_xxaa/drv_rtc.c.o
                0x0000000000027d2c                drv_rtc_overflow_pending
 .text.drv_rtc_compare_disable
                0x0000000000027d4c       0x18 _build/nrf52840_xxaa/drv_rtc.c.o
                0x0000000000027d4c                drv_rtc_compare_disable
 .text.drv_rtc_compare_pending
                0x0000000000027d64       0x20 _build/nrf52840_xxaa/drv_rtc.c.o
                0x0000000000027d64                drv_rtc_compare_pending
 .text.drv_rtc_counter_get
                0x0000000000027d84        0x8 _build/nrf52840_xxaa/drv_rtc.c.o
                0x0000000000027d84                drv_rtc_counter_get
 .text.drv_rtc_irq_trigger
                0x0000000000027d8c       0x24 _build/nrf52840_xxaa/drv_rtc.c.o
                0x0000000000027d8c                drv_rtc_irq_trigger
 .text.RTC1_IRQHandler
                0x0000000000027db0       0x14 _build/nrf52840_xxaa/drv_rtc.c.o
                0x0000000000027db0                RTC1_IRQHandler
 .text.nrf_atfifo_init
                0x0000000000027dc4       0x30 _build/nrf52840_xxaa/nrf_atfifo.c.o
                0x0000000000027dc4                nrf_atfifo_init
 .text.nrf_atfifo_item_alloc
                0x0000000000027df4       0x64 _build/nrf52840_xxaa/nrf_atfifo.c.o
                0x0000000000027df4                nrf_atfifo_item_alloc
 .text.nrf_atfifo_item_put
                0x0000000000027e58       0x20 _build/nrf52840_xxaa/nrf_atfifo.c.o
                0x0000000000027e58                nrf_atfifo_item_put
 .text.nrf_atfifo_item_get
                0x0000000000027e78       0x64 _build/nrf52840_xxaa/nrf_atfifo.c.o
                0x0000000000027e78                nrf_atfifo_item_get
 .text.nrf_atfifo_item_free
                0x0000000000027edc       0x20 _build/nrf52840_xxaa/nrf_atfifo.c.o
                0x0000000000027edc                nrf_atfifo_item_free
 .text.nrf_atflags_set
                0x0000000000027efc       0x18 _build/nrf52840_xxaa/nrf_atflags.c.o
                0x0000000000027efc                nrf_atflags_set
 .text.nrf_atflags_clear
                0x0000000000027f14       0x18 _build/nrf52840_xxaa/nrf_atflags.c.o
                0x0000000000027f14                nrf_atflags_clear
 .text.nrf_atflags_get
                0x0000000000027f2c       0x14 _build/nrf52840_xxaa/nrf_atflags.c.o
                0x0000000000027f2c                nrf_atflags_get
 .text.nrf_atomic_u32_fetch_store
                0x0000000000027f40       0x14 _build/nrf52840_xxaa/nrf_atomic.c.o
                0x0000000000027f40                nrf_atomic_u32_fetch_store
 .text.nrf_atomic_u32_or
                0x0000000000027f54       0x18 _build/nrf52840_xxaa/nrf_atomic.c.o
                0x0000000000027f54                nrf_atomic_u32_or
 .text.nrf_atomic_u32_and
                0x0000000000027f6c       0x18 _build/nrf52840_xxaa/nrf_atomic.c.o
                0x0000000000027f6c                nrf_atomic_u32_and
 .text.nrf_atomic_u32_add
                0x0000000000027f84       0x18 _build/nrf52840_xxaa/nrf_atomic.c.o
                0x0000000000027f84                nrf_atomic_u32_add
 .text.nrf_atomic_u32_sub
                0x0000000000027f9c       0x18 _build/nrf52840_xxaa/nrf_atomic.c.o
                0x0000000000027f9c                nrf_atomic_u32_sub
 .text.nrf_atomic_flag_set
                0x0000000000027fb4       0x18 _build/nrf52840_xxaa/nrf_atomic.c.o
                0x0000000000027fb4                nrf_atomic_flag_set
 .text.nrf_atomic_flag_clear_fetch
                0x0000000000027fcc       0x18 _build/nrf52840_xxaa/nrf_atomic.c.o
                0x0000000000027fcc                nrf_atomic_flag_clear_fetch
 .text.nrf_balloc_init
                0x0000000000027fe4       0x3c _build/nrf52840_xxaa/nrf_balloc.c.o
                0x0000000000027fe4                nrf_balloc_init
 .text.nrf_balloc_alloc
                0x0000000000028020       0x50 _build/nrf52840_xxaa/nrf_balloc.c.o
                0x0000000000028020                nrf_balloc_alloc
 .text.nrf_balloc_free
                0x0000000000028070       0x38 _build/nrf52840_xxaa/nrf_balloc.c.o
                0x0000000000028070                nrf_balloc_free
 .text.nrf_fprintf_buffer_flush
                0x00000000000280a8       0x18 _build/nrf52840_xxaa/nrf_fprintf.c.o
                0x00000000000280a8                nrf_fprintf_buffer_flush
 .text.nrf_fprintf
                0x00000000000280c0       0x20 _build/nrf52840_xxaa/nrf_fprintf.c.o
                0x00000000000280c0                nrf_fprintf
 .text.unsigned_print
                0x00000000000280e0      0x160 _build/nrf52840_xxaa/nrf_fprintf_format.c.o
 .text.nrf_fprintf_fmt
                0x0000000000028240      0x584 _build/nrf52840_xxaa/nrf_fprintf_format.c.o
                0x0000000000028240                nrf_fprintf_fmt
 .text.nrf_memobj_pool_init
                0x00000000000287c4        0x4 _build/nrf52840_xxaa/nrf_memobj.c.o
                0x00000000000287c4                nrf_memobj_pool_init
 .text.nrf_memobj_alloc
                0x00000000000287c8       0x94 _build/nrf52840_xxaa/nrf_memobj.c.o
                0x00000000000287c8                nrf_memobj_alloc
 .text.nrf_memobj_get
                0x000000000002885c        0x8 _build/nrf52840_xxaa/nrf_memobj.c.o
                0x000000000002885c                nrf_memobj_get
 .text.nrf_memobj_put
                0x0000000000028864       0x58 _build/nrf52840_xxaa/nrf_memobj.c.o
                0x0000000000028864                nrf_memobj_put
 .text.nrf_memobj_write
                0x00000000000288bc       0x68 _build/nrf52840_xxaa/nrf_memobj.c.o
                0x00000000000288bc                nrf_memobj_write
 .text.nrf_memobj_read
                0x0000000000028924       0x68 _build/nrf52840_xxaa/nrf_memobj.c.o
                0x0000000000028924                nrf_memobj_read
 .text.sd_app_evt_wait
                0x000000000002898c        0x4 _build/nrf52840_xxaa/nrf_pwr_mgmt.c.o
 .text.nrf_pwr_mgmt_init
                0x0000000000028990       0x2c _build/nrf52840_xxaa/nrf_pwr_mgmt.c.o
                0x0000000000028990                nrf_pwr_mgmt_init
 .text.nrf_pwr_mgmt_run
                0x00000000000289bc       0x54 _build/nrf52840_xxaa/nrf_pwr_mgmt.c.o
                0x00000000000289bc                nrf_pwr_mgmt_run
 .text.nrf_ringbuf_init
                0x0000000000028a10       0x1c _build/nrf52840_xxaa/nrf_ringbuf.c.o
                0x0000000000028a10                nrf_ringbuf_init
 .text.nrf_section_iter_init
                0x0000000000028a2c       0x14 _build/nrf52840_xxaa/nrf_section_iter.c.o
                0x0000000000028a2c                nrf_section_iter_init
 .text.nrf_section_iter_next
                0x0000000000028a40       0x18 _build/nrf52840_xxaa/nrf_section_iter.c.o
                0x0000000000028a40                nrf_section_iter_next
 .text.nrf_sortlist_add
                0x0000000000028a58       0x28 _build/nrf52840_xxaa/nrf_sortlist.c.o
                0x0000000000028a58                nrf_sortlist_add
 .text.nrf_sortlist_pop
                0x0000000000028a80        0xc _build/nrf52840_xxaa/nrf_sortlist.c.o
                0x0000000000028a80                nrf_sortlist_pop
 .text.nrf_sortlist_peek
                0x0000000000028a8c        0x8 _build/nrf52840_xxaa/nrf_sortlist.c.o
                0x0000000000028a8c                nrf_sortlist_peek
 .text.nrf_sortlist_remove
                0x0000000000028a94       0x1c _build/nrf52840_xxaa/nrf_sortlist.c.o
                0x0000000000028a94                nrf_sortlist_remove
 .text.nrf_strerror_get
                0x0000000000028ab0       0x4c _build/nrf52840_xxaa/nrf_strerror.c.o
                0x0000000000028ab0                nrf_strerror_get
 .text.SystemInit
                0x0000000000028afc      0x25c _build/nrf52840_xxaa/system_nrf52840.c.o
                0x0000000000028afc                SystemInit
 .text.bsp_board_led_on
                0x0000000000028d58       0x24 _build/nrf52840_xxaa/boards.c.o
                0x0000000000028d58                bsp_board_led_on
 .text.bsp_board_led_off
                0x0000000000028d7c       0x24 _build/nrf52840_xxaa/boards.c.o
                0x0000000000028d7c                bsp_board_led_off
 .text.bsp_board_init
                0x0000000000028da0       0x60 _build/nrf52840_xxaa/boards.c.o
                0x0000000000028da0                bsp_board_init
 .text.clock_irq_handler
                0x0000000000028e00       0x44 _build/nrf52840_xxaa/nrf_drv_clock.c.o
 .text.soc_evt_handler
                0x0000000000028e44       0x28 _build/nrf52840_xxaa/nrf_drv_clock.c.o
 .text.sd_state_evt_handler
                0x0000000000028e6c       0xc8 _build/nrf52840_xxaa/nrf_drv_clock.c.o
 .text.uarte_evt_handler
                0x0000000000028f34       0x34 _build/nrf52840_xxaa/nrf_drv_uart.c.o
 .text.uart_evt_handler
                0x0000000000028f68       0x34 _build/nrf52840_xxaa/nrf_drv_uart.c.o
 .text.nrf_drv_uart_init
                0x0000000000028f9c       0x78 _build/nrf52840_xxaa/nrf_drv_uart.c.o
                0x0000000000028f9c                nrf_drv_uart_init
 .text.nrfx_clock_init
                0x0000000000029014       0x18 _build/nrf52840_xxaa/nrfx_clock.c.o
                0x0000000000029014                nrfx_clock_init
 .text.nrfx_clock_enable
                0x000000000002902c       0x24 _build/nrf52840_xxaa/nrfx_clock.c.o
                0x000000000002902c                nrfx_clock_enable
 .text.nrfx_clock_lfclk_stop
                0x0000000000029050       0x2c _build/nrf52840_xxaa/nrfx_clock.c.o
                0x0000000000029050                nrfx_clock_lfclk_stop
 .text.POWER_CLOCK_IRQHandler
                0x000000000002907c       0x70 _build/nrf52840_xxaa/nrfx_clock.c.o
                0x000000000002907c                POWER_CLOCK_IRQHandler
 .text.nrfx_gpiote_init
                0x00000000000290ec       0xb4 _build/nrf52840_xxaa/nrfx_gpiote.c.o
                0x00000000000290ec                nrfx_gpiote_init
 .text.nrfx_gpiote_is_init
                0x00000000000291a0       0x14 _build/nrf52840_xxaa/nrfx_gpiote.c.o
                0x00000000000291a0                nrfx_gpiote_is_init
 .text.nrfx_gpiote_in_init
                0x00000000000291b4      0x204 _build/nrf52840_xxaa/nrfx_gpiote.c.o
                0x00000000000291b4                nrfx_gpiote_in_init
 .text.nrfx_gpiote_in_event_enable
                0x00000000000293b8       0xe0 _build/nrf52840_xxaa/nrfx_gpiote.c.o
                0x00000000000293b8                nrfx_gpiote_in_event_enable
 .text.nrfx_gpiote_in_event_disable
                0x0000000000029498       0x74 _build/nrf52840_xxaa/nrfx_gpiote.c.o
                0x0000000000029498                nrfx_gpiote_in_event_disable
 .text.nrfx_gpiote_in_is_set
                0x000000000002950c       0x20 _build/nrf52840_xxaa/nrfx_gpiote.c.o
                0x000000000002950c                nrfx_gpiote_in_is_set
 .text.GPIOTE_IRQHandler
                0x000000000002952c      0x510 _build/nrf52840_xxaa/nrfx_gpiote.c.o
                0x000000000002952c                GPIOTE_IRQHandler
 .text.UARTE0_UART0_IRQHandler
                0x0000000000029a3c        0xc _build/nrf52840_xxaa/nrfx_prs.c.o
                0x0000000000029a3c                UARTE0_UART0_IRQHandler
 .text.nrfx_prs_acquire
                0x0000000000029a48       0x4c _build/nrf52840_xxaa/nrfx_prs.c.o
                0x0000000000029a48                nrfx_prs_acquire
 .text.nrfx_prs_release
                0x0000000000029a94       0x18 _build/nrf52840_xxaa/nrfx_prs.c.o
                0x0000000000029a94                nrfx_prs_release
 *fill*         0x0000000000029aac        0x4 
 .text.nrfx_uart_0_irq_handler
                0x0000000000029ab0      0x1d0 _build/nrf52840_xxaa/nrfx_uart.c.o
                0x0000000000029ab0                nrfx_uart_0_irq_handler
 .text.nrfx_uart_init
                0x0000000000029c80      0x1ec _build/nrf52840_xxaa/nrfx_uart.c.o
                0x0000000000029c80                nrfx_uart_init
 .text.nrfx_uart_uninit
                0x0000000000029e6c      0x10c _build/nrf52840_xxaa/nrfx_uart.c.o
                0x0000000000029e6c                nrfx_uart_uninit
 .text.nrfx_uart_tx
                0x0000000000029f78       0xd8 _build/nrf52840_xxaa/nrfx_uart.c.o
                0x0000000000029f78                nrfx_uart_tx
 .text.nrfx_uarte_0_irq_handler
                0x000000000002a050      0x178 _build/nrf52840_xxaa/nrfx_uarte.c.o
                0x000000000002a050                nrfx_uarte_0_irq_handler
 .text.nrfx_uarte_init
                0x000000000002a1c8      0x21c _build/nrf52840_xxaa/nrfx_uarte.c.o
                0x000000000002a1c8                nrfx_uarte_init
 .text.nrfx_uarte_uninit
                0x000000000002a3e4      0x170 _build/nrf52840_xxaa/nrfx_uarte.c.o
                0x000000000002a3e4                nrfx_uarte_uninit
 .text.nrfx_uarte_tx
                0x000000000002a554       0xb0 _build/nrf52840_xxaa/nrfx_uarte.c.o
                0x000000000002a554                nrfx_uarte_tx
 .text.sd_ble_gap_adv_set_configure
                0x000000000002a604        0x4 _build/nrf52840_xxaa/main.c.o
 .text.sd_ble_gap_adv_start
                0x000000000002a608        0x4 _build/nrf52840_xxaa/main.c.o
 .text.sd_ble_gap_disconnect
                0x000000000002a60c        0x4 _build/nrf52840_xxaa/main.c.o
 .text.sd_ble_gap_ppcp_set
                0x000000000002a610        0x4 _build/nrf52840_xxaa/main.c.o
 .text.sd_ble_gap_device_name_set
                0x000000000002a614        0x4 _build/nrf52840_xxaa/main.c.o
 .text.sd_ble_gap_sec_params_reply
                0x000000000002a618        0x4 _build/nrf52840_xxaa/main.c.o
 .text.sd_ble_gap_phy_update
                0x000000000002a61c        0x4 _build/nrf52840_xxaa/main.c.o
 .text.sd_ble_gatts_sys_attr_set
                0x000000000002a620        0x4 _build/nrf52840_xxaa/main.c.o
 .text.nrf_qwr_error_handler
                0x000000000002a624        0x4 _build/nrf52840_xxaa/main.c.o
 .text.on_conn_params_evt
                0x000000000002a628       0x24 _build/nrf52840_xxaa/main.c.o
 .text.button_event_handler
                0x000000000002a64c       0x60 _build/nrf52840_xxaa/main.c.o
 .text.led_write_handler
                0x000000000002a6ac       0x40 _build/nrf52840_xxaa/main.c.o
 .text.conn_params_error_handler
                0x000000000002a6ec        0x4 _build/nrf52840_xxaa/main.c.o
 .text.ble_evt_handler
                0x000000000002a6f0      0x13c _build/nrf52840_xxaa/main.c.o
 .text.startup.main
                0x000000000002a82c      0x280 _build/nrf52840_xxaa/main.c.o
                0x000000000002a82c                main
 .text.sd_ble_gap_addr_get
                0x000000000002aaac        0x4 _build/nrf52840_xxaa/ble_advdata.c.o
 .text.sd_ble_gap_appearance_get
                0x000000000002aab0        0x4 _build/nrf52840_xxaa/ble_advdata.c.o
 .text.sd_ble_gap_device_name_get
                0x000000000002aab4        0x4 _build/nrf52840_xxaa/ble_advdata.c.o
 .text.sd_ble_uuid_encode
                0x000000000002aab8        0x4 _build/nrf52840_xxaa/ble_advdata.c.o
 .text.uuid_list_sized_encode
                0x000000000002aabc       0xe4 _build/nrf52840_xxaa/ble_advdata.c.o
 .text.ble_advdata_encode
                0x000000000002aba0      0x3f0 _build/nrf52840_xxaa/ble_advdata.c.o
                0x000000000002aba0                ble_advdata_encode
 .text.sd_ble_gap_conn_param_update
                0x000000000002af90        0x4 _build/nrf52840_xxaa/ble_conn_params.c.o
 .text.sd_ble_gap_disconnect
                0x000000000002af94        0x4 _build/nrf52840_xxaa/ble_conn_params.c.o
 .text.sd_ble_gap_ppcp_set
                0x000000000002af98        0x4 _build/nrf52840_xxaa/ble_conn_params.c.o
 .text.sd_ble_gap_ppcp_get
                0x000000000002af9c        0x4 _build/nrf52840_xxaa/ble_conn_params.c.o
 .text.update_timeout_handler
                0x000000000002afa0       0x80 _build/nrf52840_xxaa/ble_conn_params.c.o
 .text.ble_evt_handler
                0x000000000002b020      0x1cc _build/nrf52840_xxaa/ble_conn_params.c.o
 .text.ble_conn_params_init
                0x000000000002b1ec       0x78 _build/nrf52840_xxaa/ble_conn_params.c.o
                0x000000000002b1ec                ble_conn_params_init
 .text.ble_evt_handler
                0x000000000002b264      0x160 _build/nrf52840_xxaa/ble_conn_state.c.o
 .text.sd_ble_gatts_characteristic_add
                0x000000000002b3c4        0x4 _build/nrf52840_xxaa/ble_srv_common.c.o
 .text.ble_srv_is_notification_enabled
                0x000000000002b3c8        0x8 _build/nrf52840_xxaa/ble_srv_common.c.o
                0x000000000002b3c8                ble_srv_is_notification_enabled
 .text.characteristic_add
                0x000000000002b3d0      0x278 _build/nrf52840_xxaa/ble_srv_common.c.o
                0x000000000002b3d0                characteristic_add
 .text.sd_ble_gap_data_length_update
                0x000000000002b648        0x4 _build/nrf52840_xxaa/nrf_ble_gatt.c.o
 .text.sd_ble_gattc_exchange_mtu_request
                0x000000000002b64c        0x4 _build/nrf52840_xxaa/nrf_ble_gatt.c.o
 .text.sd_ble_gatts_exchange_mtu_reply
                0x000000000002b650        0x4 _build/nrf52840_xxaa/nrf_ble_gatt.c.o
 .text.data_length_update
                0x000000000002b654       0x8c _build/nrf52840_xxaa/nrf_ble_gatt.c.o
 .text.nrf_ble_gatt_init
                0x000000000002b6e0       0x28 _build/nrf52840_xxaa/nrf_ble_gatt.c.o
                0x000000000002b6e0                nrf_ble_gatt_init
 .text.nrf_ble_gatt_on_ble_evt
                0x000000000002b708      0x1e0 _build/nrf52840_xxaa/nrf_ble_gatt.c.o
                0x000000000002b708                nrf_ble_gatt_on_ble_evt
 .text.sd_ble_gatts_rw_authorize_reply
                0x000000000002b8e8        0x4 _build/nrf52840_xxaa/nrf_ble_qwr.c.o
 .text.sd_ble_user_mem_reply
                0x000000000002b8ec        0x4 _build/nrf52840_xxaa/nrf_ble_qwr.c.o
 .text.nrf_ble_qwr_init
                0x000000000002b8f0       0x24 _build/nrf52840_xxaa/nrf_ble_qwr.c.o
                0x000000000002b8f0                nrf_ble_qwr_init
 .text.nrf_ble_qwr_conn_handle_assign
                0x000000000002b914       0x18 _build/nrf52840_xxaa/nrf_ble_qwr.c.o
                0x000000000002b914                nrf_ble_qwr_conn_handle_assign
 .text.nrf_ble_qwr_on_ble_evt
                0x000000000002b92c       0xec _build/nrf52840_xxaa/nrf_ble_qwr.c.o
                0x000000000002b92c                nrf_ble_qwr_on_ble_evt
 .text.sd_ble_gatts_service_add
                0x000000000002ba18        0x4 _build/nrf52840_xxaa/ble_lbs.c.o
 .text.sd_ble_gatts_hvx
                0x000000000002ba1c        0x4 _build/nrf52840_xxaa/ble_lbs.c.o
 .text.sd_ble_uuid_vs_add
                0x000000000002ba20        0x4 _build/nrf52840_xxaa/ble_lbs.c.o
 .text.ble_lbs_on_ble_evt
                0x000000000002ba24       0x24 _build/nrf52840_xxaa/ble_lbs.c.o
                0x000000000002ba24                ble_lbs_on_ble_evt
 .text.ble_lbs_init
                0x000000000002ba48       0xd0 _build/nrf52840_xxaa/ble_lbs.c.o
                0x000000000002ba48                ble_lbs_init
 .text.ble_lbs_on_button_change
                0x000000000002bb18       0x40 _build/nrf52840_xxaa/ble_lbs.c.o
                0x000000000002bb18                ble_lbs_on_button_change
 .text.sd_softdevice_enable
                0x000000000002bb58        0x4 _build/nrf52840_xxaa/nrf_sdh.c.o
 .text.nrf_sdh_enable_request
                0x000000000002bb5c      0x11c _build/nrf52840_xxaa/nrf_sdh.c.o
                0x000000000002bb5c                nrf_sdh_enable_request
 .text.nrf_sdh_is_enabled
                0x000000000002bc78        0xc _build/nrf52840_xxaa/nrf_sdh.c.o
                0x000000000002bc78                nrf_sdh_is_enabled
 .text.SWI2_EGU2_IRQHandler
                0x000000000002bc84       0x2c _build/nrf52840_xxaa/nrf_sdh.c.o
                0x000000000002bc84                SWI2_EGU2_IRQHandler
 .text.sd_ble_enable
                0x000000000002bcb0        0x4 _build/nrf52840_xxaa/nrf_sdh_ble.c.o
 .text.sd_ble_cfg_set
                0x000000000002bcb4        0x4 _build/nrf52840_xxaa/nrf_sdh_ble.c.o
 .text.sd_ble_evt_get
                0x000000000002bcb8        0x4 _build/nrf52840_xxaa/nrf_sdh_ble.c.o
 .text.nrf_sdh_ble_evts_poll
                0x000000000002bcbc       0x60 _build/nrf52840_xxaa/nrf_sdh_ble.c.o
 .text.nrf_sdh_ble_default_cfg_set
                0x000000000002bd1c      0x17c _build/nrf52840_xxaa/nrf_sdh_ble.c.o
                0x000000000002bd1c                nrf_sdh_ble_default_cfg_set
 .text.nrf_sdh_ble_enable
                0x000000000002be98       0xa0 _build/nrf52840_xxaa/nrf_sdh_ble.c.o
                0x000000000002be98                nrf_sdh_ble_enable
 .text.sd_evt_get
                0x000000000002bf38        0x4 _build/nrf52840_xxaa/nrf_sdh_soc.c.o
 .text.nrf_sdh_soc_evts_poll
                0x000000000002bf3c       0x50 _build/nrf52840_xxaa/nrf_sdh_soc.c.o
 .text.exit     0x000000000002bf8c       0x28 /opt/arm-gcc/bin/../lib/gcc/arm-none-eabi/10.3.1/../../../../arm-none-eabi/lib/thumb/v7e-m+fp/hard/libc_nano.a(lib_a-exit.o)
                0x000000000002bf8c                exit
 .text.__libc_init_array
                0x000000000002bfb4       0x48 /opt/arm-gcc/bin/../lib/gcc/arm-none-eabi/10.3.1/../../../../arm-none-eabi/lib/thumb/v7e-m+fp/hard/libc_nano.a(lib_a-init.o)
                0x000000000002bfb4                __libc_init_array
 .text.memcpy   0x000000000002bffc       0x1c /opt/arm-gcc/bin/../lib/gcc/arm-none-eabi/10.3.1/../../../../arm-none-eabi/lib/thumb/v7e-m+fp/hard/libc_nano.a(lib_a-memcpy-stub.o)
                0x000000000002bffc                memcpy
 .text.memset   0x000000000002c018       0x10 /opt/arm-gcc/bin/../lib/gcc/arm-none-eabi/10.3.1/../../../../arm-none-eabi/lib/thumb/v7e-m+fp/hard/libc_nano.a(lib_a-memset.o)
                0x000000000002c018                memset
 .text          0x000000000002c028       0x10 /opt/arm-gcc/bin/../lib/gcc/arm-none-eabi/10.3.1/../../../../arm-none-eabi/lib/thumb/v7e-m+fp/hard/libc_nano.a(lib_a-strlen.o)
                0x000000000002c028                strlen
 .text._exit    0x000000000002c038        0x4 /opt/arm-gcc/bin/../lib/gcc/arm-none-eabi/10.3.1/../../../../arm-none-eabi/lib/thumb/v7e-m+fp/hard/libnosys.a(_exit.o)
                0x000000000002c038                _exit
 *(.init)
 .init          0x000000000002c03c        0x4 /opt/arm-gcc/bin/../lib/gcc/arm-none-eabi/10.3.1/thumb/v7e-m+fp/hard/crti.o
                0x000000000002c03c                _init
 .init          0x000000000002c040        0x8 /opt/arm-gcc/bin/../lib/gcc/arm-none-eabi/10.3.1/thumb/v7e-m+fp/hard/crtn.o
 *(.fini)
 .fini          0x000000000002c048        0x4 /opt/arm-gcc/bin/../lib/gcc/arm-none-eabi/10.3.1/thumb/v7e-m+fp/hard/crti.o
                0x000000000002c048                _fini
 .fini          0x000000000002c04c        0x8 /opt/arm-gcc/bin/../lib/gcc/arm-none-eabi/10.3.1/thumb/v7e-m+fp/hard/crtn.o
 *crtbegin.o(.ctors)
 *crtbegin?.o(.ctors)
 *(EXCLUDE_FILE(*crtend.o *crtend?.o) .ctors)
 *(SORT_BY_NAME(.ctors.*))
 *(.ctors)
 *crtbegin.o(.dtors)
 *crtbegin?.o(.dtors)
 *(EXCLUDE_FILE(*crtend.o *crtend?.o) .dtors)
 *(SORT_BY_NAME(.dtors.*))
 *(.dtors)
 *(.rodata*)
 .rodata        0x000000000002c054       0x20 _build/nrf52840_xxaa/nrf_log_backend_uart.c.o
 .rodata.nrf_log_backend_uart_api
                0x000000000002c074        0xc _build/nrf52840_xxaa/nrf_log_backend_uart.c.o
                0x000000000002c074                nrf_log_backend_uart_api
 .rodata.str1.4
                0x000000000002c080       0x11 _build/nrf52840_xxaa/nrf_log_default_backends.c.o
 *fill*         0x000000000002c091        0x3 
 .rodata.nrf_log_frontend_dequeue.str1.4
                0x000000000002c094       0x11 _build/nrf52840_xxaa/nrf_log_frontend.c.o
 *fill*         0x000000000002c0a5        0x3 
 .rodata.str1.4
                0x000000000002c0a8        0x4 _build/nrf52840_xxaa/nrf_log_frontend.c.o
 .rodata.m_log_push_ringbuf
                0x000000000002c0ac        0xc _build/nrf52840_xxaa/nrf_log_frontend.c.o
 .rodata.prefix_process.str1.4
                0x000000000002c0b8       0x36 _build/nrf52840_xxaa/nrf_log_str_formatter.c.o
 *fill*         0x000000000002c0ee        0x2 
 .rodata.nrf_log_std_entry_process.str1.4
                0x000000000002c0f0        0x3 _build/nrf52840_xxaa/nrf_log_str_formatter.c.o
 *fill*         0x000000000002c0f3        0x1 
 .rodata.nrf_log_hexdump_entry_process.str1.4
                0x000000000002c0f4       0x13 _build/nrf52840_xxaa/nrf_log_str_formatter.c.o
                                         0x16 (size before relaxing)
 *fill*         0x000000000002c107        0x1 
 .rodata.str1.4
                0x000000000002c108       0x56 _build/nrf52840_xxaa/nrf_log_str_formatter.c.o
 *fill*         0x000000000002c15e        0x2 
 .rodata.m_colors
                0x000000000002c160       0x24 _build/nrf52840_xxaa/nrf_log_str_formatter.c.o
 .rodata.severity_names
                0x000000000002c184       0x14 _build/nrf52840_xxaa/nrf_log_str_formatter.c.o
 .rodata.str1.4
                0x000000000002c198        0xb _build/nrf52840_xxaa/app_button.c.o
 *fill*         0x000000000002c1a3        0x1 
 .rodata.m_detection_delay_timer_id
                0x000000000002c1a4        0x4 _build/nrf52840_xxaa/app_button.c.o
 .rodata.app_error_fault_handler.str1.4
                0x000000000002c1a8       0x19 _build/nrf52840_xxaa/app_error_weak.c.o
 *fill*         0x000000000002c1c1        0x3 
 .rodata.str1.4
                0x000000000002c1c4        0xa _build/nrf52840_xxaa/app_timer2.c.o
 *fill*         0x000000000002c1ce        0x2 
 .rodata        0x000000000002c1d0        0x4 _build/nrf52840_xxaa/app_timer2.c.o
 .rodata.m_app_timer_sortlist
                0x000000000002c1d4        0xc _build/nrf52840_xxaa/app_timer2.c.o
 .rodata.drv_rtc_init.str1.4
                0x000000000002c1e0       0x36 _build/nrf52840_xxaa/drv_rtc.c.o
 *fill*         0x000000000002c216        0xa 
 .rodata.delay_machine_code.0
                0x000000000002c220        0x6 _build/nrf52840_xxaa/drv_rtc.c.o
 *fill*         0x000000000002c226        0x2 
 .rodata._aV2C.0
                0x000000000002c228       0x10 _build/nrf52840_xxaa/nrf_fprintf_format.c.o
 .rodata.str1.4
                0x000000000002c238        0x9 _build/nrf52840_xxaa/nrf_pwr_mgmt.c.o
 *fill*         0x000000000002c241        0x3 
 .rodata.pwr_mgmt_data
                0x000000000002c244        0xc _build/nrf52840_xxaa/nrf_pwr_mgmt.c.o
 .rodata.str1.4
                0x000000000002c250        0x9 _build/nrf52840_xxaa/nrf_sortlist.c.o
 *fill*         0x000000000002c259        0x3 
 .rodata.str1.4
                0x000000000002c25c      0x3e9 _build/nrf52840_xxaa/nrf_strerror.c.o
 *fill*         0x000000000002c645        0x3 
 .rodata.m_unknown_str
                0x000000000002c648       0x13 _build/nrf52840_xxaa/nrf_strerror.c.o
 *fill*         0x000000000002c65b        0x1 
 .rodata.nrf_strerror_array
                0x000000000002c65c      0x128 _build/nrf52840_xxaa/nrf_strerror.c.o
 .rodata.CSWTCH.15
                0x000000000002c784        0x6 _build/nrf52840_xxaa/system_nrf52840.c.o
 *fill*         0x000000000002c78a        0x2 
 .rodata.CSWTCH.6
                0x000000000002c78c        0x6 _build/nrf52840_xxaa/system_nrf52840.c.o
 *fill*         0x000000000002c792        0x2 
 .rodata.m_board_led_list
                0x000000000002c794        0x4 _build/nrf52840_xxaa/boards.c.o
 .rodata.str1.4
                0x000000000002c798        0x6 _build/nrf52840_xxaa/nrf_drv_clock.c.o
 *fill*         0x000000000002c79e        0x2 
 .rodata.str1.4
                0x000000000002c7a0        0x6 _build/nrf52840_xxaa/nrfx_clock.c.o
 *fill*         0x000000000002c7a6        0x2 
 .rodata.str1.4
                0x000000000002c7a8        0x7 _build/nrf52840_xxaa/nrfx_gpiote.c.o
 *fill*         0x000000000002c7af        0x1 
 .rodata.str1.4
                0x000000000002c7b0        0x4 _build/nrf52840_xxaa/nrfx_prs.c.o
 .rodata.str1.4
                0x000000000002c7b4        0x5 _build/nrf52840_xxaa/nrfx_uart.c.o
 *fill*         0x000000000002c7b9        0x3 
 .rodata.str1.4
                0x000000000002c7bc        0x6 _build/nrf52840_xxaa/nrfx_uarte.c.o
 *fill*         0x000000000002c7c2        0x2 
 .rodata.button_event_handler.str1.4
                0x000000000002c7c4       0x1a _build/nrf52840_xxaa/main.c.o
 *fill*         0x000000000002c7de        0x2 
 .rodata.led_write_handler.str1.4
                0x000000000002c7e0       0x26 _build/nrf52840_xxaa/main.c.o
 *fill*         0x000000000002c806        0x2 
 .rodata.ble_evt_handler.str1.4
                0x000000000002c808       0x19 _build/nrf52840_xxaa/main.c.o
 *fill*         0x000000000002c821        0x3 
 .rodata.main.str1.4
                0x000000000002c824       0x2c _build/nrf52840_xxaa/main.c.o
 .rodata.data_length_update.str1.4
                0x000000000002c850       0xe2 _build/nrf52840_xxaa/nrf_ble_gatt.c.o
 *fill*         0x000000000002c932        0x2 
 .rodata.nrf_ble_gatt_on_ble_evt.str1.4
                0x000000000002c934       0x63 _build/nrf52840_xxaa/nrf_ble_gatt.c.o
 *fill*         0x000000000002c997        0x1 
 .rodata.str1.4
                0x000000000002c998        0xd _build/nrf52840_xxaa/nrf_ble_gatt.c.o
 *fill*         0x000000000002c9a5        0x3 
 .rodata        0x000000000002c9a8       0x10 _build/nrf52840_xxaa/ble_lbs.c.o
 .rodata.str1.4
                0x000000000002c9b8        0x8 _build/nrf52840_xxaa/nrf_sdh.c.o
 .rodata        0x000000000002c9c0        0x4 _build/nrf52840_xxaa/nrf_sdh.c.o
 .rodata.sdh_req_observers
                0x000000000002c9c4        0xc _build/nrf52840_xxaa/nrf_sdh.c.o
 .rodata.sdh_stack_observers
                0x000000000002c9d0        0xc _build/nrf52840_xxaa/nrf_sdh.c.o
 .rodata.sdh_state_observers
                0x000000000002c9dc        0xc _build/nrf52840_xxaa/nrf_sdh.c.o
 .rodata.nrf_sdh_ble_default_cfg_set.str1.4
                0x000000000002c9e8      0x187 _build/nrf52840_xxaa/nrf_sdh_ble.c.o
 *fill*         0x000000000002cb6f        0x1 
 .rodata.nrf_sdh_ble_enable.str1.4
                0x000000000002cb70       0xad _build/nrf52840_xxaa/nrf_sdh_ble.c.o
 *fill*         0x000000000002cc1d        0x3 
 .rodata.str1.4
                0x000000000002cc20        0xc _build/nrf52840_xxaa/nrf_sdh_ble.c.o
 .rodata.sdh_ble_observers
                0x000000000002cc2c        0xc _build/nrf52840_xxaa/nrf_sdh_ble.c.o
 .rodata.str1.4
                0x000000000002cc38        0xc _build/nrf52840_xxaa/nrf_sdh_soc.c.o
 .rodata.sdh_soc_observers
                0x000000000002cc44        0xc _build/nrf52840_xxaa/nrf_sdh_soc.c.o
 .rodata._ctype_
                0x000000000002cc50      0x101 /opt/arm-gcc/bin/../lib/gcc/arm-none-eabi/10.3.1/../../../../arm-none-eabi/lib/thumb/v7e-m+fp/hard/libc_nano.a(lib_a-ctype_.o)
                0x000000000002cc50                _ctype_
 *fill*         0x000000000002cd51        0x3 
 .rodata._global_impure_ptr
                0x000000000002cd54        0x4 /opt/arm-gcc/bin/../lib/gcc/arm-none-eabi/10.3.1/../../../../arm-none-eabi/lib/thumb/v7e-m+fp/hard/libc_nano.a(lib_a-impure.o)
                0x000000000002cd54                _global_impure_ptr
 *(.eh_frame*)
 .eh_frame      0x000000000002cd58        0x0 /opt/arm-gcc/bin/../lib/gcc/arm-none-eabi/10.3.1/thumb/v7e-m+fp/hard/crtbegin.o
 .eh_frame      0x000000000002cd58        0x4 /opt/arm-gcc/bin/../lib/gcc/arm-none-eabi/10.3.1/thumb/v7e-m+fp/hard/crtend.o

.glue_7         0x000000000002cd5c        0x0
 .glue_7        0x000000000002cd5c        0x0 linker stubs

.glue_7t        0x000000000002cd5c        0x0
 .glue_7t       0x000000000002cd5c        0x0 linker stubs

.vfp11_veneer   0x000000000002cd5c        0x0
 .vfp11_veneer  0x000000000002cd5c        0x0 linker stubs

.v4_bx          0x000000000002cd5c        0x0
 .v4_bx         0x000000000002cd5c        0x0 linker stubs

.iplt           0x000000000002cd5c        0x0
 .iplt          0x000000000002cd5c        0x0 /opt/arm-gcc/bin/../lib/gcc/arm-none-eabi/10.3.1/thumb/v7e-m+fp/hard/crtbegin.o

.mem_section_dummy_rom

.sdh_soc_observers
                0x000000000002cd5c        0x8
                0x000000000002cd5c                PROVIDE (__start_sdh_soc_observers = .)
 *(SORT_BY_NAME(.sdh_soc_observers*))
 .sdh_soc_observers0
                0x000000000002cd5c        0x8 _build/nrf52840_xxaa/nrf_drv_clock.c.o
                0x000000000002cd64                PROVIDE (__stop_sdh_soc_observers = .)

.pwr_mgmt_data  0x000000000002cd64        0x0
                0x000000000002cd64                PROVIDE (__start_pwr_mgmt_data = .)
 *(SORT_BY_NAME(.pwr_mgmt_data*))
                0x000000000002cd64                PROVIDE (__stop_pwr_mgmt_data = .)

.sdh_ble_observers
                0x000000000002cd64       0x30
                0x000000000002cd64                PROVIDE (__start_sdh_ble_observers = .)
 *(SORT_BY_NAME(.sdh_ble_observers*))
 .sdh_ble_observers0
                0x000000000002cd64        0x8 _build/nrf52840_xxaa/ble_conn_state.c.o
 .sdh_ble_observers1
                0x000000000002cd6c        0x8 _build/nrf52840_xxaa/main.c.o
 .sdh_ble_observers1
                0x000000000002cd74        0x8 _build/nrf52840_xxaa/ble_conn_params.c.o
 .sdh_ble_observers2
                0x000000000002cd7c       0x10 _build/nrf52840_xxaa/main.c.o
 .sdh_ble_observers3
                0x000000000002cd8c        0x8 _build/nrf52840_xxaa/main.c.o
                0x000000000002cd94                PROVIDE (__stop_sdh_ble_observers = .)

.sdh_req_observers
                0x000000000002cd94        0x0
                0x000000000002cd94                PROVIDE (__start_sdh_req_observers = .)
 *(SORT_BY_NAME(.sdh_req_observers*))
                0x000000000002cd94                PROVIDE (__stop_sdh_req_observers = .)

.sdh_state_observers
                0x000000000002cd94        0x8
                0x000000000002cd94                PROVIDE (__start_sdh_state_observers = .)
 *(SORT_BY_NAME(.sdh_state_observers*))
 .sdh_state_observers0
                0x000000000002cd94        0x8 _build/nrf52840_xxaa/nrf_drv_clock.c.o
                0x000000000002cd9c                PROVIDE (__stop_sdh_state_observers = .)

.sdh_stack_observers
                0x000000000002cd9c       0x10
                0x000000000002cd9c                PROVIDE (__start_sdh_stack_observers = .)
 *(SORT_BY_NAME(.sdh_stack_observers*))
 .sdh_stack_observers0
                0x000000000002cd9c        0x8 _build/nrf52840_xxaa/nrf_sdh_ble.c.o
 .sdh_stack_observers0
                0x000000000002cda4        0x8 _build/nrf52840_xxaa/nrf_sdh_soc.c.o
                0x000000000002cdac                PROVIDE (__stop_sdh_stack_observers = .)

.nrf_queue      0x000000000002cdac        0x0
                [!provide]                        PROVIDE (__start_nrf_queue = .)
 *(.nrf_queue)
                [!provide]                        PROVIDE (__stop_nrf_queue = .)

.nrf_balloc     0x000000000002cdac       0x14
                [!provide]                        PROVIDE (__start_nrf_balloc = .)
 *(.nrf_balloc)
 .nrf_balloc    0x000000000002cdac       0x14 _build/nrf52840_xxaa/nrf_log_frontend.c.o
                0x000000000002cdac                log_mempool
                [!provide]                        PROVIDE (__stop_nrf_balloc = .)

.cli_command    0x000000000002cdc0        0x0
                [!provide]                        PROVIDE (__start_cli_command = .)
 *(.cli_command)
                [!provide]                        PROVIDE (__stop_cli_command = .)

.crypto_data    0x000000000002cdc0        0x0
                [!provide]                        PROVIDE (__start_crypto_data = .)
 *(SORT_BY_NAME(.crypto_data*))
                [!provide]                        PROVIDE (__stop_crypto_data = .)

.log_const_data
                0x000000000002cdc0       0x78
                0x000000000002cdc0                PROVIDE (__start_log_const_data = .)
 *(SORT_BY_NAME(.log_const_data*))
 .log_const_data_CLOCK
                0x000000000002cdc0        0x8 _build/nrf52840_xxaa/nrfx_clock.c.o
                0x000000000002cdc0                m_nrf_log_CLOCK_logs_data_const
 .log_const_data_GPIOTE
                0x000000000002cdc8        0x8 _build/nrf52840_xxaa/nrfx_gpiote.c.o
                0x000000000002cdc8                m_nrf_log_GPIOTE_logs_data_const
 .log_const_data_PRS
                0x000000000002cdd0        0x8 _build/nrf52840_xxaa/nrfx_prs.c.o
                0x000000000002cdd0                m_nrf_log_PRS_logs_data_const
 .log_const_data_UART
                0x000000000002cdd8        0x8 _build/nrf52840_xxaa/nrfx_uart.c.o
                0x000000000002cdd8                m_nrf_log_UART_logs_data_const
 .log_const_data_UARTE
                0x000000000002cde0        0x8 _build/nrf52840_xxaa/nrfx_uarte.c.o
                0x000000000002cde0                m_nrf_log_UARTE_logs_data_const
 .log_const_data_app
                0x000000000002cde8        0x8 _build/nrf52840_xxaa/nrf_log_frontend.c.o
                0x000000000002cde8                m_nrf_log_app_logs_data_const
 .log_const_data_app_button
                0x000000000002cdf0        0x8 _build/nrf52840_xxaa/app_button.c.o
                0x000000000002cdf0                m_nrf_log_app_button_logs_data_const
 .log_const_data_app_timer
                0x000000000002cdf8        0x8 _build/nrf52840_xxaa/app_timer2.c.o
                0x000000000002cdf8                m_nrf_log_app_timer_logs_data_const
 .log_const_data_clock
                0x000000000002ce00        0x8 _build/nrf52840_xxaa/nrf_drv_clock.c.o
                0x000000000002ce00                m_nrf_log_clock_logs_data_const
 .log_const_data_nrf_ble_gatt
                0x000000000002ce08        0x8 _build/nrf52840_xxaa/nrf_ble_gatt.c.o
                0x000000000002ce08                m_nrf_log_nrf_ble_gatt_logs_data_const
 .log_const_data_nrf_sdh
                0x000000000002ce10        0x8 _build/nrf52840_xxaa/nrf_sdh.c.o
                0x000000000002ce10                m_nrf_log_nrf_sdh_logs_data_const
 .log_const_data_nrf_sdh_ble
                0x000000000002ce18        0x8 _build/nrf52840_xxaa/nrf_sdh_ble.c.o
                0x000000000002ce18                m_nrf_log_nrf_sdh_ble_logs_data_const
 .log_const_data_nrf_sdh_soc
                0x000000000002ce20        0x8 _build/nrf52840_xxaa/nrf_sdh_soc.c.o
                0x000000000002ce20                m_nrf_log_nrf_sdh_soc_logs_data_const
 .log_const_data_pwr_mgmt
                0x000000000002ce28        0x8 _build/nrf52840_xxaa/nrf_pwr_mgmt.c.o
                0x000000000002ce28                m_nrf_log_pwr_mgmt_logs_data_const
 .log_const_data_sortlist
                0x000000000002ce30        0x8 _build/nrf52840_xxaa/nrf_sortlist.c.o
                0x000000000002ce30                m_nrf_log_sortlist_logs_data_const
                0x000000000002ce38                PROVIDE (__stop_log_const_data = .)

.log_backends   0x000000000002ce38       0x10
                [!provide]                        PROVIDE (__start_log_backends = .)
 *(SORT_BY_NAME(.log_backends*))
 .log_backends  0x000000000002ce38       0x10 _build/nrf52840_xxaa/nrf_log_default_backends.c.o
                [!provide]                        PROVIDE (__stop_log_backends = .)

.ARM.extab
 *(.ARM.extab* .gnu.linkonce.armextab.*)
                0x000000000002ce48                __exidx_start = .

.ARM.exidx      0x000000000002ce48        0x8
 *(.ARM.exidx* .gnu.linkonce.armexidx.*)
 .ARM.exidx     0x000000000002ce48        0x8 /opt/arm-gcc/bin/../lib/gcc/arm-none-eabi/10.3.1/../../../../arm-none-eabi/lib/thumb/v7e-m+fp/hard/crt0.o
                                         0x10 (size before relaxing)
                0x000000000002ce50                __exidx_end = .

.rel.dyn        0x000000000002ce50        0x0
 .rel.iplt      0x000000000002ce50        0x0 /opt/arm-gcc/bin/../lib/gcc/arm-none-eabi/10.3.1/thumb/v7e-m+fp/hard/crtbegin.o
                0x000000000002ce50                . = ALIGN (0x4)
                0x000000000002ce50                __etext = .

.data           0x0000000020002300       0xd0 load address 0x000000000002ce50
                0x0000000020002300                __data_start__ = .
 *(vtable)
 *(.data*)
 .data.m_uart   0x0000000020002300       0x14 _build/nrf52840_xxaa/nrf_log_backend_uart.c.o
                0x0000000020002300                m_uart
 .data.log_backend_cb_uart_log_backend
                0x0000000020002314        0x8 _build/nrf52840_xxaa/nrf_log_default_backends.c.o
 *fill*         0x000000002000231c        0x4 
 .data.m_detection_delay_timer_id_data
                0x0000000020002320       0x20 _build/nrf52840_xxaa/app_button.c.o
 .data.m_rtc_inst
                0x0000000020002340        0x8 _build/nrf52840_xxaa/app_timer2.c.o
 .data.SystemCoreClock
                0x0000000020002348        0x4 _build/nrf52840_xxaa/system_nrf52840.c.o
                0x0000000020002348                SystemCoreClock
 .data.buttons.0
                0x000000002000234c        0x8 _build/nrf52840_xxaa/main.c.o
 .data.m_adv_data
                0x0000000020002354       0x10 _build/nrf52840_xxaa/main.c.o
 .data.m_adv_handle
                0x0000000020002364        0x1 _build/nrf52840_xxaa/main.c.o
 *fill*         0x0000000020002365        0x1 
 .data.m_conn_handle
                0x0000000020002366        0x2 _build/nrf52840_xxaa/main.c.o
 .data.impure_data
                0x0000000020002368       0x60 /opt/arm-gcc/bin/../lib/gcc/arm-none-eabi/10.3.1/../../../../arm-none-eabi/lib/thumb/v7e-m+fp/hard/libc_nano.a(lib_a-impure.o)
                0x00000000200023c8                . = ALIGN (0x4)
                0x00000000200023c8                PROVIDE (__preinit_array_start = .)
 *(.preinit_array)
                0x00000000200023c8                PROVIDE (__preinit_array_end = .)
                0x00000000200023c8                . = ALIGN (0x4)
                0x00000000200023c8                PROVIDE (__init_array_start = .)
 *(SORT_BY_NAME(.init_array.*))
 *(.init_array)
 .init_array    0x00000000200023c8        0x4 /opt/arm-gcc/bin/../lib/gcc/arm-none-eabi/10.3.1/thumb/v7e-m+fp/hard/crtbegin.o
                0x00000000200023cc                PROVIDE (__init_array_end = .)
                0x00000000200023cc                . = ALIGN (0x4)
                [!provide]                        PROVIDE (__fini_array_start = .)
 *(SORT_BY_NAME(.fini_array.*))
 *(.fini_array)
 .fini_array    0x00000000200023cc        0x4 /opt/arm-gcc/bin/../lib/gcc/arm-none-eabi/10.3.1/thumb/v7e-m+fp/hard/crtbegin.o
                [!provide]                        PROVIDE (__fini_array_end = .)
 *(.jcr*)
                0x00000000200023d0                . = ALIGN (0x4)
                0x00000000200023d0                __data_end__ = .
LOAD /opt/arm-gcc/bin/../lib/gcc/arm-none-eabi/10.3.1/thumb/v7e-m+fp/hard/crti.o
LOAD /opt/arm-gcc/bin/../lib/gcc/arm-none-eabi/10.3.1/thumb/v7e-m+fp/hard/crtbegin.o
LOAD /opt/arm-gcc/bin/../lib/gcc/arm-none-eabi/10.3.1/../../../../arm-none-eabi/lib/thumb/v7e-m+fp/hard/crt0.o
LOAD _build/nrf52840_xxaa/gcc_startup_nrf52840.S.o
LOAD _build/nrf52840_xxaa/nrf_log_backend_rtt.c.o
LOAD _build/nrf52840_xxaa/nrf_log_backend_serial.c.o
LOAD _build/nrf52840_xxaa/nrf_log_backend_uart.c.o
LOAD _build/nrf52840_xxaa/nrf_log_default_backends.c.o
LOAD _build/nrf52840_xxaa/nrf_log_frontend.c.o
LOAD _build/nrf52840_xxaa/nrf_log_str_formatter.c.o
LOAD _build/nrf52840_xxaa/app_button.c.o
LOAD _build/nrf52840_xxaa/app_error.c.o
LOAD _build/nrf52840_xxaa/app_error_handler_gcc.c.o
LOAD _build/nrf52840_xxaa/app_error_weak.c.o
LOAD _build/nrf52840_xxaa/app_scheduler.c.o
LOAD _build/nrf52840_xxaa/app_timer2.c.o
LOAD _build/nrf52840_xxaa/app_util_platform.c.o
LOAD _build/nrf52840_xxaa/drv_rtc.c.o
LOAD _build/nrf52840_xxaa/hardfault_implementation.c.o
LOAD _build/nrf52840_xxaa/nrf_assert.c.o
LOAD _build/nrf52840_xxaa/nrf_atfifo.c.o
LOAD _build/nrf52840_xxaa/nrf_atflags.c.o
LOAD _build/nrf52840_xxaa/nrf_atomic.c.o
LOAD _build/nrf52840_xxaa/nrf_balloc.c.o
LOAD _build/nrf52840_xxaa/nrf_fprintf.c.o
LOAD _build/nrf52840_xxaa/nrf_fprintf_format.c.o
LOAD _build/nrf52840_xxaa/nrf_memobj.c.o
LOAD _build/nrf52840_xxaa/nrf_pwr_mgmt.c.o
LOAD _build/nrf52840_xxaa/nrf_ringbuf.c.o
LOAD _build/nrf52840_xxaa/nrf_section_iter.c.o
LOAD _build/nrf52840_xxaa/nrf_sortlist.c.o
LOAD _build/nrf52840_xxaa/nrf_strerror.c.o
LOAD _build/nrf52840_xxaa/system_nrf52840.c.o
LOAD _build/nrf52840_xxaa/boards.c.o
LOAD _build/nrf52840_xxaa/nrf_drv_clock.c.o
LOAD _build/nrf52840_xxaa/nrf_drv_uart.c.o
LOAD _build/nrf52840_xxaa/nrfx_atomic.c.o
LOAD _build/nrf52840_xxaa/nrfx_clock.c.o
LOAD _build/nrf52840_xxaa/nrfx_gpiote.c.o
LOAD _build/nrf52840_xxaa/nrfx_prs.c.o
LOAD _build/nrf52840_xxaa/nrfx_uart.c.o
LOAD _build/nrf52840_xxaa/nrfx_uarte.c.o
LOAD _build/nrf52840_xxaa/main.c.o
LOAD _build/nrf52840_xxaa/SEGGER_RTT.c.o
LOAD _build/nrf52840_xxaa/SEGGER_RTT_Syscalls_GCC.c.o
LOAD _build/nrf52840_xxaa/SEGGER_RTT_printf.c.o
LOAD _build/nrf52840_xxaa/ble_advdata.c.o
LOAD _build/nrf52840_xxaa/ble_conn_params.c.o
LOAD _build/nrf52840_xxaa/ble_conn_state.c.o
LOAD _build/nrf52840_xxaa/ble_srv_common.c.o
LOAD _build/nrf52840_xxaa/nrf_ble_gatt.c.o
LOAD _build/nrf52840_xxaa/nrf_ble_qwr.c.o
LOAD _build/nrf52840_xxaa/utf.c.o
LOAD _build/nrf52840_xxaa/ble_lbs.c.o
LOAD _build/nrf52840_xxaa/nrf_sdh.c.o
LOAD _build/nrf52840_xxaa/nrf_sdh_ble.c.o
LOAD _build/nrf52840_xxaa/nrf_sdh_soc.c.o
LOAD /opt/arm-gcc/bin/../lib/gcc/arm-none-eabi/10.3.1/../../../../arm-none-eabi/lib/thumb/v7e-m+fp/hard/libc_nano.a
LOAD /opt/arm-gcc/bin/../lib/gcc/arm-none-eabi/10.3.1/../../../../arm-none-eabi/lib/thumb/v7e-m+fp/hard/libnosys.a
LOAD /opt/arm-gcc/bin/../lib/gcc/arm-none-eabi/10.3.1/../../../../arm-none-eabi/lib/thumb/v7e-m+fp/hard/libm.a
START GROUP
LOAD /opt/arm-gcc/bin/../lib/gcc/arm-none-eabi/10.3.1/thumb/v7e-m+fp/hard/libgcc.a
LOAD /opt/arm-gcc/bin/../lib/gcc/arm-none-eabi/10.3.1/../../../../arm-none-eabi/lib/thumb/v7e-m+fp/hard/libg_nano.a
LOAD /opt/arm-gcc/bin/../lib/gcc/arm-none-eabi/10.3.1/../../../../arm-none-eabi/lib/thumb/v7e-m+fp/hard/libc_nano.a
END GROUP
START GROUP
LOAD /opt/arm-gcc/bin/../lib/gcc/arm-none-eabi/10.3.1/thumb/v7e-m+fp/hard/libgcc.a
LOAD /opt/arm-gcc/bin/../lib/gcc/arm-none-eabi/10.3.1/../../../../arm-none-eabi/lib/thumb/v7e-m+fp/hard/libc_nano.a
END GROUP
LOAD /opt/arm-gcc/bin/../lib/gcc/arm-none-eabi/10.3.1/thumb/v7e-m+fp/hard/crtend.o
LOAD /opt/arm-gcc/bin/../lib/gcc/arm-none-eabi/10.3.1/thumb/v7e-m+fp/hard/crtn.o
START GROUP
LOAD /opt/arm-gcc/bin/../lib/gcc/arm-none-eabi/10.3.1/thumb/v7e-m+fp/hard/libgcc.a
LOAD /opt/arm-gcc/bin/../lib/gcc/arm-none-eabi/10.3.1/../../../../arm-none-eabi/lib/thumb/v7e-m+fp/hard/libc.a
LOAD /opt/arm-gcc/bin/../lib/gcc/arm-none-eabi/10.3.1/../../../../arm-none-eabi/lib/thumb/v7e-m+fp/hard/libnosys.a
END GROUP

.igot.plt       0x00000000200023d0        0x0 load address 0x000000000002cf20
 .igot.plt      0x00000000200023d0        0x0 /opt/arm-gcc/bin/../lib/gcc/arm-none-eabi/10.3.1/thumb/v7e-m+fp/hard/crtbegin.o
                0x00000000200023d0                . = ALIGN (0x4)

.mem_section_dummy_ram

.cli_sorted_cmd_ptrs
                0x00000000200023d0        0x0
                [!provide]                        PROVIDE (__start_cli_sorted_cmd_ptrs = .)
 *(.cli_sorted_cmd_ptrs)
                [!provide]                        PROVIDE (__stop_cli_sorted_cmd_ptrs = .)

.fs_data        0x00000000200023d0        0x0
                [!provide]                        PROVIDE (__start_fs_data = .)
 *(.fs_data)
                [!provide]                        PROVIDE (__stop_fs_data = .)

.log_dynamic_data
                0x00000000200023d0        0x0
                0x00000000200023d0                PROVIDE (__start_log_dynamic_data = .)
 *(SORT_BY_NAME(.log_dynamic_data*))
                [!provide]                        PROVIDE (__stop_log_dynamic_data = .)

.log_filter_data
                0x00000000200023d0        0x0
                [!provide]                        PROVIDE (__start_log_filter_data = .)
 *(SORT_BY_NAME(.log_filter_data*))
                [!provide]                        PROVIDE (__stop_log_filter_data = .)

.bss            0x00000000200023d0      0x928 load address 0x000000000002cf20
                0x00000000200023d0                . = ALIGN (0x4)
                0x00000000200023d0                __bss_start__ = .
 *(.bss*)
 .bss           0x00000000200023d0       0x1c /opt/arm-gcc/bin/../lib/gcc/arm-none-eabi/10.3.1/thumb/v7e-m+fp/hard/crtbegin.o
 .bss.m_async_mode
                0x00000000200023ec        0x1 _build/nrf52840_xxaa/nrf_log_backend_uart.c.o
 *fill*         0x00000000200023ed        0x3 
 .bss.m_string_buff
                0x00000000200023f0       0x40 _build/nrf52840_xxaa/nrf_log_backend_uart.c.o
 .bss.m_xfer_done
                0x0000000020002430        0x1 _build/nrf52840_xxaa/nrf_log_backend_uart.c.o
 *fill*         0x0000000020002431        0x3 
 .bss.log_mempool_nrf_balloc_cb
                0x0000000020002434        0x8 _build/nrf52840_xxaa/nrf_log_frontend.c.o
 .bss.log_mempool_nrf_balloc_pool_mem
                0x000000002000243c       0xc0 _build/nrf52840_xxaa/nrf_log_frontend.c.o
 .bss.log_mempool_nrf_balloc_pool_stack
                0x00000000200024fc        0x8 _build/nrf52840_xxaa/nrf_log_frontend.c.o
 .bss.m_log_data
                0x0000000020002504      0x420 _build/nrf52840_xxaa/nrf_log_frontend.c.o
 .bss.m_log_push_ringbuf_buf
                0x0000000020002924       0x80 _build/nrf52840_xxaa/nrf_log_frontend.c.o
 .bss.m_log_push_ringbuf_cb
                0x00000000200029a4       0x18 _build/nrf52840_xxaa/nrf_log_frontend.c.o
 .bss.m_button_count
                0x00000000200029bc        0x1 _build/nrf52840_xxaa/app_button.c.o
 *fill*         0x00000000200029bd        0x3 
 .bss.m_detection_delay
                0x00000000200029c0        0x4 _build/nrf52840_xxaa/app_button.c.o
 *fill*         0x00000000200029c4        0x4 
 .bss.m_pin_active
                0x00000000200029c8        0x8 _build/nrf52840_xxaa/app_button.c.o
 .bss.m_pin_states
                0x00000000200029d0       0x20 _build/nrf52840_xxaa/app_button.c.o
 .bss.mp_buttons
                0x00000000200029f0        0x4 _build/nrf52840_xxaa/app_button.c.o
 .bss.m_app_timer_sortlist_sortlist_cb
                0x00000000200029f4        0x4 _build/nrf52840_xxaa/app_timer2.c.o
 .bss.m_base_counter
                0x00000000200029f8        0x8 _build/nrf52840_xxaa/app_timer2.c.o
 .bss.m_global_active
                0x0000000020002a00        0x1 _build/nrf52840_xxaa/app_timer2.c.o
 *fill*         0x0000000020002a01        0x3 
 .bss.m_req_fifo_data
                0x0000000020002a04       0x58 _build/nrf52840_xxaa/app_timer2.c.o
 .bss.m_req_fifo_inst
                0x0000000020002a5c       0x10 _build/nrf52840_xxaa/app_timer2.c.o
 *fill*         0x0000000020002a6c        0x4 
 .bss.m_stamp64
                0x0000000020002a70        0x8 _build/nrf52840_xxaa/app_timer2.c.o
 .bss.mp_active_timer
                0x0000000020002a78        0x4 _build/nrf52840_xxaa/app_timer2.c.o
 .bss.nrf_nvic_state
                0x0000000020002a7c        0xc _build/nrf52840_xxaa/app_util_platform.c.o
                0x0000000020002a7c                nrf_nvic_state
 .bss.m_cb      0x0000000020002a88        0x8 _build/nrf52840_xxaa/drv_rtc.c.o
 .bss.m_handlers
                0x0000000020002a90        0x4 _build/nrf52840_xxaa/drv_rtc.c.o
 .bss.m_handlers_iter
                0x0000000020002a94        0x8 _build/nrf52840_xxaa/nrf_pwr_mgmt.c.o
 .bss.m_shutdown_started
                0x0000000020002a9c        0x1 _build/nrf52840_xxaa/nrf_pwr_mgmt.c.o
 *fill*         0x0000000020002a9d        0x3 
 .bss.m_sysoff_mtx
                0x0000000020002aa0        0x4 _build/nrf52840_xxaa/nrf_pwr_mgmt.c.o
 .bss.m_clock_cb
                0x0000000020002aa4       0x14 _build/nrf52840_xxaa/nrf_drv_clock.c.o
 .bss.m_contexts
                0x0000000020002ab8        0x8 _build/nrf52840_xxaa/nrf_drv_uart.c.o
 .bss.m_handlers
                0x0000000020002ac0        0x8 _build/nrf52840_xxaa/nrf_drv_uart.c.o
 .bss.nrf_drv_uart_use_easy_dma
                0x0000000020002ac8        0x2 _build/nrf52840_xxaa/nrf_drv_uart.c.o
                0x0000000020002ac8                nrf_drv_uart_use_easy_dma
 *fill*         0x0000000020002aca        0x2 
 .bss.m_clock_cb
                0x0000000020002acc        0x8 _build/nrf52840_xxaa/nrfx_clock.c.o
 *fill*         0x0000000020002ad4        0x4 
 .bss.m_cb      0x0000000020002ad8       0x6c _build/nrf52840_xxaa/nrfx_gpiote.c.o
 .bss.m_prs_box_4
                0x0000000020002b44        0x8 _build/nrf52840_xxaa/nrfx_prs.c.o
 *fill*         0x0000000020002b4c        0x4 
 .bss.m_cb      0x0000000020002b50       0x2c _build/nrf52840_xxaa/nrfx_uart.c.o
 *fill*         0x0000000020002b7c        0x4 
 .bss.m_cb      0x0000000020002b80       0x24 _build/nrf52840_xxaa/nrfx_uarte.c.o
 .bss.m_enc_advdata
                0x0000000020002ba4       0x1f _build/nrf52840_xxaa/main.c.o
 *fill*         0x0000000020002bc3        0x1 
 .bss.m_enc_scan_response_data
                0x0000000020002bc4       0x1f _build/nrf52840_xxaa/main.c.o
 *fill*         0x0000000020002be3        0x1 
 .bss.m_gatt    0x0000000020002be4       0x14 _build/nrf52840_xxaa/main.c.o
 .bss.m_lbs     0x0000000020002bf8       0x18 _build/nrf52840_xxaa/main.c.o
 .bss.m_qwr     0x0000000020002c10        0xc _build/nrf52840_xxaa/main.c.o
 .bss.m_conn_params_config
                0x0000000020002c1c       0x1c _build/nrf52840_xxaa/ble_conn_params.c.o
 .bss.m_conn_params_instances
                0x0000000020002c38       0x14 _build/nrf52840_xxaa/ble_conn_params.c.o
 .bss.m_preferred_conn_params
                0x0000000020002c4c        0x8 _build/nrf52840_xxaa/ble_conn_params.c.o
 *fill*         0x0000000020002c54        0x4 
 .bss.m_timer_data
                0x0000000020002c58       0x20 _build/nrf52840_xxaa/ble_conn_params.c.o
 .bss.m_bcs     0x0000000020002c78       0x7c _build/nrf52840_xxaa/ble_conn_state.c.o
 .bss.m_nrf_sdh_continue
                0x0000000020002cf4        0x1 _build/nrf52840_xxaa/nrf_sdh.c.o
 .bss.m_nrf_sdh_enabled
                0x0000000020002cf5        0x1 _build/nrf52840_xxaa/nrf_sdh.c.o
 .bss.m_nrf_sdh_suspended
                0x0000000020002cf6        0x1 _build/nrf52840_xxaa/nrf_sdh.c.o
 .bss.m_stack_is_enabled
                0x0000000020002cf7        0x1 _build/nrf52840_xxaa/nrf_sdh_ble.c.o
 *(COMMON)
                0x0000000020002cf8                . = ALIGN (0x4)
                0x0000000020002cf8                __bss_end__ = .

.heap           0x0000000020002cf8     0x4000
                0x0000000020002cf8                __HeapBase = .
                0x0000000020002cf8                __end__ = .
                [!provide]                        PROVIDE (end = .)
 *(.heap*)
 .heap          0x0000000020002cf8     0x4000 _build/nrf52840_xxaa/gcc_startup_nrf52840.S.o
                0x0000000020006cf8                __HeapLimit = .

.stack_dummy    0x0000000020002cf8     0x4000
 *(.stack*)
 .stack         0x0000000020002cf8     0x4000 _build/nrf52840_xxaa/gcc_startup_nrf52840.S.o
                0x0000000020040000                __StackTop = (ORIGIN (RAM) + LENGTH (RAM))
                0x000000002003c000                __StackLimit = (__StackTop - SIZEOF (.stack_dummy))
                0x0000000020040000                PROVIDE (__stack = __StackTop)
                0x0000000000000001                ASSERT ((__StackLimit >= __HeapLimit), region RAM overflowed with stack)
                0x00000000000000d0                DataInitFlashUsed = (__bss_start__ - __data_start__)
                0x0000000000006e50                CodeFlashUsed = (__etext - ORIGIN (FLASH))
                0x0000000000006f20                TotalFlashUsed = (CodeFlashUsed + DataInitFlashUsed)
                0x0000000000000001                ASSERT ((TotalFlashUsed <= LENGTH (FLASH)), region FLASH overflowed with .data and user data)
OUTPUT(_build/nrf52840_xxaa.out elf32-littlearm)
LOAD linker stubs

.ARM.attributes
                0x0000000000000000       0x30
 .ARM.attributes
                0x0000000000000000       0x1e /opt/arm-gcc/bin/../lib/gcc/arm-none-eabi/10.3.1/thumb/v7e-m+fp/hard/crti.o
 .ARM.attributes
                0x000000000000001e       0x34 /opt/arm-gcc/bin/../lib/gcc/arm-none-eabi/10.3.1/thumb/v7e-m+fp/hard/crtbegin.o
 .ARM.attributes
                0x0000000000000052       0x1c /opt/arm-gcc/bin/../lib/gcc/arm-none-eabi/10.3.1/../../../../arm-none-eabi/lib/thumb/v7e-m+fp/hard/crt0.o
 .ARM.attributes
                0x000000000000006e       0x20 _build/nrf52840_xxaa/gcc_startup_nrf52840.S.o
 .ARM.attributes
                0x000000000000008e       0x34 _build/nrf52840_xxaa/nrf_log_backend_serial.c.o
 .ARM.attributes
                0x00000000000000c2       0x34 _build/nrf52840_xxaa/nrf_log_backend_uart.c.o
 .ARM.attributes
                0x00000000000000f6       0x34 _build/nrf52840_xxaa/nrf_log_default_backends.c.o
 .ARM.attributes
                0x000000000000012a       0x34 _build/nrf52840_xxaa/nrf_log_frontend.c.o
 .ARM.attributes
                0x000000000000015e       0x34 _build/nrf52840_xxaa/nrf_log_str_formatter.c.o
 .ARM.attributes
                0x0000000000000192       0x34 _build/nrf52840_xxaa/app_button.c.o
 .ARM.attributes
                0x00000000000001c6       0x34 _build/nrf52840_xxaa/app_error.c.o
 .ARM.attributes
                0x00000000000001fa       0x34 _build/nrf52840_xxaa/app_error_weak.c.o
 .ARM.attributes
                0x000000000000022e       0x34 _build/nrf52840_xxaa/app_timer2.c.o
 .ARM.attributes
                0x0000000000000262       0x34 _build/nrf52840_xxaa/app_util_platform.c.o
 .ARM.attributes
                0x0000000000000296       0x34 _build/nrf52840_xxaa/drv_rtc.c.o
 .ARM.attributes
                0x00000000000002ca       0x34 _build/nrf52840_xxaa/nrf_atfifo.c.o
 .ARM.attributes
                0x00000000000002fe       0x34 _build/nrf52840_xxaa/nrf_atflags.c.o
 .ARM.attributes
                0x0000000000000332       0x34 _build/nrf52840_xxaa/nrf_atomic.c.o
 .ARM.attributes
                0x0000000000000366       0x34 _build/nrf52840_xxaa/nrf_balloc.c.o
 .ARM.attributes
                0x000000000000039a       0x34 _build/nrf52840_xxaa/nrf_fprintf.c.o
 .ARM.attributes
                0x00000000000003ce       0x34 _build/nrf52840_xxaa/nrf_fprintf_format.c.o
 .ARM.attributes
                0x0000000000000402       0x34 _build/nrf52840_xxaa/nrf_memobj.c.o
 .ARM.attributes
                0x0000000000000436       0x34 _build/nrf52840_xxaa/nrf_pwr_mgmt.c.o
 .ARM.attributes
                0x000000000000046a       0x34 _build/nrf52840_xxaa/nrf_ringbuf.c.o
 .ARM.attributes
                0x000000000000049e       0x34 _build/nrf52840_xxaa/nrf_section_iter.c.o
 .ARM.attributes
                0x00000000000004d2       0x34 _build/nrf52840_xxaa/nrf_sortlist.c.o
 .ARM.attributes
                0x0000000000000506       0x34 _build/nrf52840_xxaa/nrf_strerror.c.o
 .ARM.attributes
                0x000000000000053a       0x34 _build/nrf52840_xxaa/system_nrf52840.c.o
 .ARM.attributes
                0x000000000000056e       0x34 _build/nrf52840_xxaa/boards.c.o
 .ARM.attributes
                0x00000000000005a2       0x34 _build/nrf52840_xxaa/nrf_drv_clock.c.o
 .ARM.attributes
                0x00000000000005d6       0x34 _build/nrf52840_xxaa/nrf_drv_uart.c.o
 .ARM.attributes
                0x000000000000060a       0x34 _build/nrf52840_xxaa/nrfx_clock.c.o
 .ARM.attributes
                0x000000000000063e       0x34 _build/nrf52840_xxaa/nrfx_gpiote.c.o
 .ARM.attributes
                0x0000000000000672       0x34 _build/nrf52840_xxaa/nrfx_prs.c.o
 .ARM.attributes
                0x00000000000006a6       0x34 _build/nrf52840_xxaa/nrfx_uart.c.o
 .ARM.attributes
                0x00000000000006da       0x34 _build/nrf52840_xxaa/nrfx_uarte.c.o
 .ARM.attributes
                0x000000000000070e       0x34 _build/nrf52840_xxaa/main.c.o
 .ARM.attributes
                0x0000000000000742       0x34 _build/nrf52840_xxaa/ble_advdata.c.o
 .ARM.attributes
                0x0000000000000776       0x34 _build/nrf52840_xxaa/ble_conn_params.c.o
 .ARM.attributes
                0x00000000000007aa       0x34 _build/nrf52840_xxaa/ble_conn_state.c.o
 .ARM.attributes
                0x00000000000007de       0x34 _build/nrf52840_xxaa/ble_srv_common.c.o
 .ARM.attributes
                0x0000000000000812       0x34 _build/nrf52840_xxaa/nrf_ble_gatt.c.o
 .ARM.attributes
                0x0000000000000846       0x34 _build/nrf52840_xxaa/nrf_ble_qwr.c.o
 .ARM.attributes
                0x000000000000087a       0x34 _build/nrf52840_xxaa/ble_lbs.c.o
 .ARM.attributes
                0x00000000000008ae       0x34 _build/nrf52840_xxaa/nrf_sdh.c.o
 .ARM.attributes
                0x00000000000008e2       0x34 _build/nrf52840_xxaa/nrf_sdh_ble.c.o
 .ARM.attributes
                0x0000000000000916       0x34 _build/nrf52840_xxaa/nrf_sdh_soc.c.o
 .ARM.attributes
                0x000000000000094a       0x34 /opt/arm-gcc/bin/../lib/gcc/arm-none-eabi/10.3.1/../../../../arm-none-eabi/lib/thumb/v7e-m+fp/hard/libc_nano.a(lib_a-ctype_.o)
 .ARM.attributes
                0x000000000000097e       0x34 /opt/arm-gcc/bin/../lib/gcc/arm-none-eabi/10.3.1/../../../../arm-none-eabi/lib/thumb/v7e-m+fp/hard/libc_nano.a(lib_a-exit.o)
 .ARM.attributes
                0x00000000000009b2       0x34 /opt/arm-gcc/bin/../lib/gcc/arm-none-eabi/10.3.1/../../../../arm-none-eabi/lib/thumb/v7e-m+fp/hard/libc_nano.a(lib_a-impure.o)
 .ARM.attributes
                0x00000000000009e6       0x34 /opt/arm-gcc/bin/../lib/gcc/arm-none-eabi/10.3.1/../../../../arm-none-eabi/lib/thumb/v7e-m+fp/hard/libc_nano.a(lib_a-init.o)
 .ARM.attributes
                0x0000000000000a1a       0x34 /opt/arm-gcc/bin/../lib/gcc/arm-none-eabi/10.3.1/../../../../arm-none-eabi/lib/thumb/v7e-m+fp/hard/libc_nano.a(lib_a-memcpy-stub.o)
 .ARM.attributes
                0x0000000000000a4e       0x34 /opt/arm-gcc/bin/../lib/gcc/arm-none-eabi/10.3.1/../../../../arm-none-eabi/lib/thumb/v7e-m+fp/hard/libc_nano.a(lib_a-memset.o)
 .ARM.attributes
                0x0000000000000a82       0x17 /opt/arm-gcc/bin/../lib/gcc/arm-none-eabi/10.3.1/../../../../arm-none-eabi/lib/thumb/v7e-m+fp/hard/libc_nano.a(lib_a-strlen.o)
 .ARM.attributes
                0x0000000000000a99       0x34 /opt/arm-gcc/bin/../lib/gcc/arm-none-eabi/10.3.1/../../../../arm-none-eabi/lib/thumb/v7e-m+fp/hard/libnosys.a(_exit.o)
 .ARM.attributes
                0x0000000000000acd       0x34 /opt/arm-gcc/bin/../lib/gcc/arm-none-eabi/10.3.1/thumb/v7e-m+fp/hard/crtend.o
 .ARM.attributes
                0x0000000000000b01       0x1e /opt/arm-gcc/bin/../lib/gcc/arm-none-eabi/10.3.1/thumb/v7e-m+fp/hard/crtn.o

.comment        0x0000000000000000       0x49
 .comment       0x0000000000000000       0x49 _build/nrf52840_xxaa/nrf_log_backend_serial.c.o
                                         0x4a (size before relaxing)
 .comment       0x0000000000000049       0x4a _build/nrf52840_xxaa/nrf_log_backend_uart.c.o
 .comment       0x0000000000000049       0x4a _build/nrf52840_xxaa/nrf_log_default_backends.c.o
 .comment       0x0000000000000049       0x4a _build/nrf52840_xxaa/nrf_log_frontend.c.o
 .comment       0x0000000000000049       0x4a _build/nrf52840_xxaa/nrf_log_str_formatter.c.o
 .comment       0x0000000000000049       0x4a _build/nrf52840_xxaa/app_button.c.o
 .comment       0x0000000000000049       0x4a _build/nrf52840_xxaa/app_error.c.o
 .comment       0x0000000000000049       0x4a _build/nrf52840_xxaa/app_error_weak.c.o
 .comment       0x0000000000000049       0x4a _build/nrf52840_xxaa/app_timer2.c.o
 .comment       0x0000000000000049       0x4a _build/nrf52840_xxaa/app_util_platform.c.o
 .comment       0x0000000000000049       0x4a _build/nrf52840_xxaa/drv_rtc.c.o
 .comment       0x0000000000000049       0x4a _build/nrf52840_xxaa/nrf_atfifo.c.o
 .comment       0x0000000000000049       0x4a _build/nrf52840_xxaa/nrf_atflags.c.o
 .comment       0x0000000000000049       0x4a _build/nrf52840_xxaa/nrf_atomic.c.o
 .comment       0x0000000000000049       0x4a _build/nrf52840_xxaa/nrf_balloc.c.o
 .comment       0x0000000000000049       0x4a _build/nrf52840_xxaa/nrf_fprintf.c.o
 .comment       0x0000000000000049       0x4a _build/nrf52840_xxaa/nrf_fprintf_format.c.o
 .comment       0x0000000000000049       0x4a _build/nrf52840_xxaa/nrf_memobj.c.o
 .comment       0x0000000000000049       0x4a _build/nrf52840_xxaa/nrf_pwr_mgmt.c.o
 .comment       0x0000000000000049       0x4a _build/nrf52840_xxaa/nrf_ringbuf.c.o
 .comment       0x0000000000000049       0x4a _build/nrf52840_xxaa/nrf_section_iter.c.o
 .comment       0x0000000000000049       0x4a _build/nrf52840_xxaa/nrf_sortlist.c.o
 .comment       0x0000000000000049       0x4a _build/nrf52840_xxaa/nrf_strerror.c.o
 .comment       0x0000000000000049       0x4a _build/nrf52840_xxaa/system_nrf52840.c.o
 .comment       0x0000000000000049       0x4a _build/nrf52840_xxaa/boards.c.o
 .comment       0x0000000000000049       0x4a _build/nrf52840_xxaa/nrf_drv_clock.c.o
 .comment       0x0000000000000049       0x4a _build/nrf52840_xxaa/nrf_drv_uart.c.o
 .comment       0x0000000000000049       0x4a _build/nrf52840_xxaa/nrfx_clock.c.o
 .comment       0x0000000000000049       0x4a _build/nrf52840_xxaa/nrfx_gpiote.c.o
 .comment       0x0000000000000049       0x4a _build/nrf52840_xxaa/nrfx_prs.c.o
 .comment       0x0000000000000049       0x4a _build/nrf52840_xxaa/nrfx_uart.c.o
 .comment       0x0000000000000049       0x4a _build/nrf52840_xxaa/nrfx_uarte.c.o
 .comment       0x0000000000000049       0x4a _build/nrf52840_xxaa/main.c.o
 .comment       0x0000000000000049       0x4a _build/nrf52840_xxaa/ble_advdata.c.o
 .comment       0x0000000000000049       0x4a _build/nrf52840_xxaa/ble_conn_params.c.o
 .comment       0x0000000000000049       0x4a _build/nrf52840_xxaa/ble_conn_state.c.o
 .comment       0x0000000000000049       0x4a _build/nrf52840_xxaa/ble_srv_common.c.o
 .comment       0x0000000000000049       0x4a _build/nrf52840_xxaa/nrf_ble_gatt.c.o
 .comment       0x0000000000000049       0x4a _build/nrf52840_xxaa/nrf_ble_qwr.c.o
 .comment       0x0000000000000049       0x4a _build/nrf52840_xxaa/ble_lbs.c.o
 .comment       0x0000000000000049       0x4a _build/nrf52840_xxaa/nrf_sdh.c.o
 .comment       0x0000000000000049       0x4a _build/nrf52840_xxaa/nrf_sdh_ble.c.o
 .comment       0x0000000000000049       0x4a _build/nrf52840_xxaa/nrf_sdh_soc.c.o

.debug_line     0x0000000000000000    0x2b13c
 .debug_line    0x0000000000000000       0xb5 _build/nrf52840_xxaa/gcc_startup_nrf52840.S.o
 .debug_line    0x00000000000000b5      0xa5a _build/nrf52840_xxaa/nrf_log_backend_serial.c.o
 .debug_line    0x0000000000000b0f      0xec1 _build/nrf52840_xxaa/nrf_log_backend_uart.c.o
 .debug_line    0x00000000000019d0      0x91f _build/nrf52840_xxaa/nrf_log_default_backends.c.o
 .debug_line    0x00000000000022ef     0x2d66 _build/nrf52840_xxaa/nrf_log_frontend.c.o
 .debug_line    0x0000000000005055      0xbb0 _build/nrf52840_xxaa/nrf_log_str_formatter.c.o
 .debug_line    0x0000000000005c05     0x15fa _build/nrf52840_xxaa/app_button.c.o
 .debug_line    0x00000000000071ff      0x5c8 _build/nrf52840_xxaa/app_error.c.o
 .debug_line    0x00000000000077c7      0xa4f _build/nrf52840_xxaa/app_error_weak.c.o
 .debug_line    0x0000000000008216     0x15ad _build/nrf52840_xxaa/app_timer2.c.o
 .debug_line    0x00000000000097c3      0x80c _build/nrf52840_xxaa/app_util_platform.c.o
 .debug_line    0x0000000000009fcf     0x17b3 _build/nrf52840_xxaa/drv_rtc.c.o
 .debug_line    0x000000000000b782      0xbec _build/nrf52840_xxaa/nrf_atfifo.c.o
 .debug_line    0x000000000000c36e      0x985 _build/nrf52840_xxaa/nrf_atflags.c.o
 .debug_line    0x000000000000ccf3      0x978 _build/nrf52840_xxaa/nrf_atomic.c.o
 .debug_line    0x000000000000d66b      0xa68 _build/nrf52840_xxaa/nrf_balloc.c.o
 .debug_line    0x000000000000e0d3      0x646 _build/nrf52840_xxaa/nrf_fprintf.c.o
 .debug_line    0x000000000000e719     0x10a2 _build/nrf52840_xxaa/nrf_fprintf_format.c.o
 .debug_line    0x000000000000f7bb      0xd1b _build/nrf52840_xxaa/nrf_memobj.c.o
 .debug_line    0x00000000000104d6     0x11fd _build/nrf52840_xxaa/nrf_pwr_mgmt.c.o
 .debug_line    0x00000000000116d3      0xafa _build/nrf52840_xxaa/nrf_ringbuf.c.o
 .debug_line    0x00000000000121cd      0x65c _build/nrf52840_xxaa/nrf_section_iter.c.o
 .debug_line    0x0000000000012829      0x8fa _build/nrf52840_xxaa/nrf_sortlist.c.o
 .debug_line    0x0000000000013123      0x698 _build/nrf52840_xxaa/nrf_strerror.c.o
 .debug_line    0x00000000000137bb      0x8c6 _build/nrf52840_xxaa/system_nrf52840.c.o
 .debug_line    0x0000000000014081     0x1248 _build/nrf52840_xxaa/boards.c.o
 .debug_line    0x00000000000152c9     0x1503 _build/nrf52840_xxaa/nrf_drv_clock.c.o
 .debug_line    0x00000000000167cc      0xa3e _build/nrf52840_xxaa/nrf_drv_uart.c.o
 .debug_line    0x000000000001720a     0x1320 _build/nrf52840_xxaa/nrfx_clock.c.o
 .debug_line    0x000000000001852a     0x3434 _build/nrf52840_xxaa/nrfx_gpiote.c.o
 .debug_line    0x000000000001b95e      0xbd1 _build/nrf52840_xxaa/nrfx_prs.c.o
 .debug_line    0x000000000001c52f     0x221b _build/nrf52840_xxaa/nrfx_uart.c.o
 .debug_line    0x000000000001e74a     0x2176 _build/nrf52840_xxaa/nrfx_uarte.c.o
 .debug_line    0x00000000000208c0     0x190e _build/nrf52840_xxaa/main.c.o
 .debug_line    0x00000000000221ce     0x151e _build/nrf52840_xxaa/ble_advdata.c.o
 .debug_line    0x00000000000236ec     0x107d _build/nrf52840_xxaa/ble_conn_params.c.o
 .debug_line    0x0000000000024769     0x1357 _build/nrf52840_xxaa/ble_conn_state.c.o
 .debug_line    0x0000000000025ac0      0xb3e _build/nrf52840_xxaa/ble_srv_common.c.o
 .debug_line    0x00000000000265fe      0xf5a _build/nrf52840_xxaa/nrf_ble_gatt.c.o
 .debug_line    0x0000000000027558      0x974 _build/nrf52840_xxaa/nrf_ble_qwr.c.o
 .debug_line    0x0000000000027ecc      0xa08 _build/nrf52840_xxaa/ble_lbs.c.o
 .debug_line    0x00000000000288d4     0x1216 _build/nrf52840_xxaa/nrf_sdh.c.o
 .debug_line    0x0000000000029aea      0xcea _build/nrf52840_xxaa/nrf_sdh_ble.c.o
 .debug_line    0x000000000002a7d4      0x968 _build/nrf52840_xxaa/nrf_sdh_soc.c.o

.debug_info     0x0000000000000000    0x3bed4
 .debug_info    0x0000000000000000       0x26 _build/nrf52840_xxaa/gcc_startup_nrf52840.S.o
 .debug_info    0x0000000000000026      0x7cf _build/nrf52840_xxaa/nrf_log_backend_serial.c.o
 .debug_info    0x00000000000007f5     0x11ee _build/nrf52840_xxaa/nrf_log_backend_uart.c.o
 .debug_info    0x00000000000019e3      0x303 _build/nrf52840_xxaa/nrf_log_default_backends.c.o
 .debug_info    0x0000000000001ce6     0x3b50 _build/nrf52840_xxaa/nrf_log_frontend.c.o
 .debug_info    0x0000000000005836      0x865 _build/nrf52840_xxaa/nrf_log_str_formatter.c.o
 .debug_info    0x000000000000609b     0x1354 _build/nrf52840_xxaa/app_button.c.o
 .debug_info    0x00000000000073ef      0x2c3 _build/nrf52840_xxaa/app_error.c.o
 .debug_info    0x00000000000076b2      0x4b9 _build/nrf52840_xxaa/app_error_weak.c.o
 .debug_info    0x0000000000007b6b     0x19d6 _build/nrf52840_xxaa/app_timer2.c.o
 .debug_info    0x0000000000009541      0xa68 _build/nrf52840_xxaa/app_util_platform.c.o
 .debug_info    0x0000000000009fa9     0x21ca _build/nrf52840_xxaa/drv_rtc.c.o
 .debug_info    0x000000000000c173      0xb5d _build/nrf52840_xxaa/nrf_atfifo.c.o
 .debug_info    0x000000000000ccd0      0x718 _build/nrf52840_xxaa/nrf_atflags.c.o
 .debug_info    0x000000000000d3e8      0xae3 _build/nrf52840_xxaa/nrf_atomic.c.o
 .debug_info    0x000000000000decb      0x3e8 _build/nrf52840_xxaa/nrf_balloc.c.o
 .debug_info    0x000000000000e2b3      0x24b _build/nrf52840_xxaa/nrf_fprintf.c.o
 .debug_info    0x000000000000e4fe      0xc73 _build/nrf52840_xxaa/nrf_fprintf_format.c.o
 .debug_info    0x000000000000f171      0xb78 _build/nrf52840_xxaa/nrf_memobj.c.o
 .debug_info    0x000000000000fce9     0x1325 _build/nrf52840_xxaa/nrf_pwr_mgmt.c.o
 .debug_info    0x000000000001100e      0x638 _build/nrf52840_xxaa/nrf_ringbuf.c.o
 .debug_info    0x0000000000011646      0x1aa _build/nrf52840_xxaa/nrf_section_iter.c.o
 .debug_info    0x00000000000117f0      0x3c3 _build/nrf52840_xxaa/nrf_sortlist.c.o
 .debug_info    0x0000000000011bb3      0x280 _build/nrf52840_xxaa/nrf_strerror.c.o
 .debug_info    0x0000000000011e33     0x18dc _build/nrf52840_xxaa/system_nrf52840.c.o
 .debug_info    0x000000000001370f      0xf10 _build/nrf52840_xxaa/boards.c.o
 .debug_info    0x000000000001461f     0x192d _build/nrf52840_xxaa/nrf_drv_clock.c.o
 .debug_info    0x0000000000015f4c     0x11eb _build/nrf52840_xxaa/nrf_drv_uart.c.o
 .debug_info    0x0000000000017137     0x14a9 _build/nrf52840_xxaa/nrfx_clock.c.o
 .debug_info    0x00000000000185e0     0x3d19 _build/nrf52840_xxaa/nrfx_gpiote.c.o
 .debug_info    0x000000000001c2f9      0x806 _build/nrf52840_xxaa/nrfx_prs.c.o
 .debug_info    0x000000000001caff     0x394c _build/nrf52840_xxaa/nrfx_uart.c.o
 .debug_info    0x000000000002044b     0x38b7 _build/nrf52840_xxaa/nrfx_uarte.c.o
 .debug_info    0x0000000000023d02     0x3df9 _build/nrf52840_xxaa/main.c.o
 .debug_info    0x0000000000027afb     0x206e _build/nrf52840_xxaa/ble_advdata.c.o
 .debug_info    0x0000000000029b69     0x2cb6 _build/nrf52840_xxaa/ble_conn_params.c.o
 .debug_info    0x000000000002c81f     0x3030 _build/nrf52840_xxaa/ble_conn_state.c.o
 .debug_info    0x000000000002f84f      0xdc6 _build/nrf52840_xxaa/ble_srv_common.c.o
 .debug_info    0x0000000000030615     0x2a77 _build/nrf52840_xxaa/nrf_ble_gatt.c.o
 .debug_info    0x000000000003308c     0x20a5 _build/nrf52840_xxaa/nrf_ble_qwr.c.o
 .debug_info    0x0000000000035131     0x22af _build/nrf52840_xxaa/ble_lbs.c.o
 .debug_info    0x00000000000373e0     0x1867 _build/nrf52840_xxaa/nrf_sdh.c.o
 .debug_info    0x0000000000038c47     0x2c92 _build/nrf52840_xxaa/nrf_sdh_ble.c.o
 .debug_info    0x000000000003b8d9      0x5fb _build/nrf52840_xxaa/nrf_sdh_soc.c.o

.debug_abbrev   0x0000000000000000     0x89f1
 .debug_abbrev  0x0000000000000000       0x14 _build/nrf52840_xxaa/gcc_startup_nrf52840.S.o
 .debug_abbrev  0x0000000000000014      0x202 _build/nrf52840_xxaa/nrf_log_backend_serial.c.o
 .debug_abbrev  0x0000000000000216      0x38d _build/nrf52840_xxaa/nrf_log_backend_uart.c.o
 .debug_abbrev  0x00000000000005a3      0x190 _build/nrf52840_xxaa/nrf_log_default_backends.c.o
 .debug_abbrev  0x0000000000000733      0x5d2 _build/nrf52840_xxaa/nrf_log_frontend.c.o
 .debug_abbrev  0x0000000000000d05      0x21a _build/nrf52840_xxaa/nrf_log_str_formatter.c.o
 .debug_abbrev  0x0000000000000f1f      0x35d _build/nrf52840_xxaa/app_button.c.o
 .debug_abbrev  0x000000000000127c      0x13b _build/nrf52840_xxaa/app_error.c.o
 .debug_abbrev  0x00000000000013b7      0x218 _build/nrf52840_xxaa/app_error_weak.c.o
 .debug_abbrev  0x00000000000015cf      0x504 _build/nrf52840_xxaa/app_timer2.c.o
 .debug_abbrev  0x0000000000001ad3      0x2f8 _build/nrf52840_xxaa/app_util_platform.c.o
 .debug_abbrev  0x0000000000001dcb      0x524 _build/nrf52840_xxaa/drv_rtc.c.o
 .debug_abbrev  0x00000000000022ef      0x287 _build/nrf52840_xxaa/nrf_atfifo.c.o
 .debug_abbrev  0x0000000000002576      0x213 _build/nrf52840_xxaa/nrf_atflags.c.o
 .debug_abbrev  0x0000000000002789      0x205 _build/nrf52840_xxaa/nrf_atomic.c.o
 .debug_abbrev  0x000000000000298e      0x201 _build/nrf52840_xxaa/nrf_balloc.c.o
 .debug_abbrev  0x0000000000002b8f      0x143 _build/nrf52840_xxaa/nrf_fprintf.c.o
 .debug_abbrev  0x0000000000002cd2      0x2d2 _build/nrf52840_xxaa/nrf_fprintf_format.c.o
 .debug_abbrev  0x0000000000002fa4      0x285 _build/nrf52840_xxaa/nrf_memobj.c.o
 .debug_abbrev  0x0000000000003229      0x462 _build/nrf52840_xxaa/nrf_pwr_mgmt.c.o
 .debug_abbrev  0x000000000000368b      0x166 _build/nrf52840_xxaa/nrf_ringbuf.c.o
 .debug_abbrev  0x00000000000037f1       0xba _build/nrf52840_xxaa/nrf_section_iter.c.o
 .debug_abbrev  0x00000000000038ab      0x167 _build/nrf52840_xxaa/nrf_sortlist.c.o
 .debug_abbrev  0x0000000000003a12      0x15b _build/nrf52840_xxaa/nrf_strerror.c.o
 .debug_abbrev  0x0000000000003b6d      0x321 _build/nrf52840_xxaa/system_nrf52840.c.o
 .debug_abbrev  0x0000000000003e8e      0x323 _build/nrf52840_xxaa/boards.c.o
 .debug_abbrev  0x00000000000041b1      0x521 _build/nrf52840_xxaa/nrf_drv_clock.c.o
 .debug_abbrev  0x00000000000046d2      0x22a _build/nrf52840_xxaa/nrf_drv_uart.c.o
 .debug_abbrev  0x00000000000048fc      0x489 _build/nrf52840_xxaa/nrfx_clock.c.o
 .debug_abbrev  0x0000000000004d85      0x4f4 _build/nrf52840_xxaa/nrfx_gpiote.c.o
 .debug_abbrev  0x0000000000005279      0x282 _build/nrf52840_xxaa/nrfx_prs.c.o
 .debug_abbrev  0x00000000000054fb      0x4f2 _build/nrf52840_xxaa/nrfx_uart.c.o
 .debug_abbrev  0x00000000000059ed      0x4b5 _build/nrf52840_xxaa/nrfx_uarte.c.o
 .debug_abbrev  0x0000000000005ea2      0x485 _build/nrf52840_xxaa/main.c.o
 .debug_abbrev  0x0000000000006327      0x3cd _build/nrf52840_xxaa/ble_advdata.c.o
 .debug_abbrev  0x00000000000066f4      0x515 _build/nrf52840_xxaa/ble_conn_params.c.o
 .debug_abbrev  0x0000000000006c09      0x51b _build/nrf52840_xxaa/ble_conn_state.c.o
 .debug_abbrev  0x0000000000007124      0x286 _build/nrf52840_xxaa/ble_srv_common.c.o
 .debug_abbrev  0x00000000000073aa      0x486 _build/nrf52840_xxaa/nrf_ble_gatt.c.o
 .debug_abbrev  0x0000000000007830      0x34e _build/nrf52840_xxaa/nrf_ble_qwr.c.o
 .debug_abbrev  0x0000000000007b7e      0x33d _build/nrf52840_xxaa/ble_lbs.c.o
 .debug_abbrev  0x0000000000007ebb      0x4d1 _build/nrf52840_xxaa/nrf_sdh.c.o
 .debug_abbrev  0x000000000000838c      0x465 _build/nrf52840_xxaa/nrf_sdh_ble.c.o
 .debug_abbrev  0x00000000000087f1      0x200 _build/nrf52840_xxaa/nrf_sdh_soc.c.o

.debug_aranges  0x0000000000000000      0xf70
 .debug_aranges
                0x0000000000000000       0x20 _build/nrf52840_xxaa/gcc_startup_nrf52840.S.o
 .debug_aranges
                0x0000000000000020       0x20 _build/nrf52840_xxaa/nrf_log_backend_serial.c.o
 .debug_aranges
                0x0000000000000040       0x48 _build/nrf52840_xxaa/nrf_log_backend_uart.c.o
 .debug_aranges
                0x0000000000000088       0x20 _build/nrf52840_xxaa/nrf_log_default_backends.c.o
 .debug_aranges
                0x00000000000000a8       0xc0 _build/nrf52840_xxaa/nrf_log_frontend.c.o
 .debug_aranges
                0x0000000000000168       0x38 _build/nrf52840_xxaa/nrf_log_str_formatter.c.o
 .debug_aranges
                0x00000000000001a0       0x50 _build/nrf52840_xxaa/app_button.c.o
 .debug_aranges
                0x00000000000001f0       0x28 _build/nrf52840_xxaa/app_error.c.o
 .debug_aranges
                0x0000000000000218       0x20 _build/nrf52840_xxaa/app_error_weak.c.o
 .debug_aranges
                0x0000000000000238       0x78 _build/nrf52840_xxaa/app_timer2.c.o
 .debug_aranges
                0x00000000000002b0       0x48 _build/nrf52840_xxaa/app_util_platform.c.o
 .debug_aranges
                0x00000000000002f8       0xb0 _build/nrf52840_xxaa/drv_rtc.c.o
 .debug_aranges
                0x00000000000003a8       0x58 _build/nrf52840_xxaa/nrf_atfifo.c.o
 .debug_aranges
                0x0000000000000400       0x58 _build/nrf52840_xxaa/nrf_atflags.c.o
 .debug_aranges
                0x0000000000000458       0xb0 _build/nrf52840_xxaa/nrf_atomic.c.o
 .debug_aranges
                0x0000000000000508       0x30 _build/nrf52840_xxaa/nrf_balloc.c.o
 .debug_aranges
                0x0000000000000538       0x28 _build/nrf52840_xxaa/nrf_fprintf.c.o
 .debug_aranges
                0x0000000000000560       0x28 _build/nrf52840_xxaa/nrf_fprintf_format.c.o
 .debug_aranges
                0x0000000000000588       0x50 _build/nrf52840_xxaa/nrf_memobj.c.o
 .debug_aranges
                0x00000000000005d8       0x48 _build/nrf52840_xxaa/nrf_pwr_mgmt.c.o
 .debug_aranges
                0x0000000000000620       0x50 _build/nrf52840_xxaa/nrf_ringbuf.c.o
 .debug_aranges
                0x0000000000000670       0x28 _build/nrf52840_xxaa/nrf_section_iter.c.o
 .debug_aranges
                0x0000000000000698       0x40 _build/nrf52840_xxaa/nrf_sortlist.c.o
 .debug_aranges
                0x00000000000006d8       0x28 _build/nrf52840_xxaa/nrf_strerror.c.o
 .debug_aranges
                0x0000000000000700       0x38 _build/nrf52840_xxaa/system_nrf52840.c.o
 .debug_aranges
                0x0000000000000738       0x78 _build/nrf52840_xxaa/boards.c.o
 .debug_aranges
                0x00000000000007b0       0xa8 _build/nrf52840_xxaa/nrf_drv_clock.c.o
 .debug_aranges
                0x0000000000000858       0x30 _build/nrf52840_xxaa/nrf_drv_uart.c.o
 .debug_aranges
                0x0000000000000888       0x78 _build/nrf52840_xxaa/nrfx_clock.c.o
 .debug_aranges
                0x0000000000000900       0xf8 _build/nrf52840_xxaa/nrfx_gpiote.c.o
 .debug_aranges
                0x00000000000009f8       0x30 _build/nrf52840_xxaa/nrfx_prs.c.o
 .debug_aranges
                0x0000000000000a28       0x78 _build/nrf52840_xxaa/nrfx_uart.c.o
 .debug_aranges
                0x0000000000000aa0       0x68 _build/nrf52840_xxaa/nrfx_uarte.c.o
 .debug_aranges
                0x0000000000000b08       0x90 _build/nrf52840_xxaa/main.c.o
 .debug_aranges
                0x0000000000000b98       0x78 _build/nrf52840_xxaa/ble_advdata.c.o
 .debug_aranges
                0x0000000000000c10       0x60 _build/nrf52840_xxaa/ble_conn_params.c.o
 .debug_aranges
                0x0000000000000c70       0xc8 _build/nrf52840_xxaa/ble_conn_state.c.o
 .debug_aranges
                0x0000000000000d38       0x58 _build/nrf52840_xxaa/ble_srv_common.c.o
 .debug_aranges
                0x0000000000000d90       0x70 _build/nrf52840_xxaa/nrf_ble_gatt.c.o
 .debug_aranges
                0x0000000000000e00       0x40 _build/nrf52840_xxaa/nrf_ble_qwr.c.o
 .debug_aranges
                0x0000000000000e40       0x48 _build/nrf52840_xxaa/ble_lbs.c.o
 .debug_aranges
                0x0000000000000e88       0x70 _build/nrf52840_xxaa/nrf_sdh.c.o
 .debug_aranges
                0x0000000000000ef8       0x50 _build/nrf52840_xxaa/nrf_sdh_ble.c.o
 .debug_aranges
                0x0000000000000f48       0x28 _build/nrf52840_xxaa/nrf_sdh_soc.c.o

.debug_str      0x0000000000000000    0xb7e83
 .debug_str     0x0000000000000000       0xfd _build/nrf52840_xxaa/gcc_startup_nrf52840.S.o
 .debug_str     0x00000000000000fd    0x8c98a _build/nrf52840_xxaa/nrf_log_backend_serial.c.o
                                      0x8f112 (size before relaxing)
 .debug_str     0x000000000008ca87     0x86d4 _build/nrf52840_xxaa/nrf_log_backend_uart.c.o
                                      0x971f5 (size before relaxing)
 .debug_str     0x000000000009515b      0x152 _build/nrf52840_xxaa/nrf_log_default_backends.c.o
                                      0x8eeb4 (size before relaxing)